Archive member included to satisfy reference by file (symbol)

C:/ProgramData/MATLAB/SupportPackages/R2025b/3P.instrset/gnuarm-armcortex.instrset/win/bin/../lib/gcc/arm-none-eabi/13.2.1/thumb/v7e-m+fp/hard\libm.a(libm_a-w_fmod.o)
                              xcp_ext_common.c.o (fmod)
C:/ProgramData/MATLAB/SupportPackages/R2025b/3P.instrset/gnuarm-armcortex.instrset/win/bin/../lib/gcc/arm-none-eabi/13.2.1/thumb/v7e-m+fp/hard\libm.a(libm_a-e_fmod.o)
                              C:/ProgramData/MATLAB/SupportPackages/R2025b/3P.instrset/gnuarm-armcortex.instrset/win/bin/../lib/gcc/arm-none-eabi/13.2.1/thumb/v7e-m+fp/hard\libm.a(libm_a-w_fmod.o) (__ieee754_fmod)
C:/ProgramData/MATLAB/SupportPackages/R2025b/3P.instrset/gnuarm-armcortex.instrset/win/bin/../lib/gcc/arm-none-eabi/13.2.1/thumb/v7e-m+fp/hard\libgcc.a(_arm_muldf3.o)
                              Encoder_reader_simulink.c.o (__aeabi_dmul)
C:/ProgramData/MATLAB/SupportPackages/R2025b/3P.instrset/gnuarm-armcortex.instrset/win/bin/../lib/gcc/arm-none-eabi/13.2.1/thumb/v7e-m+fp/hard\libgcc.a(_arm_addsubdf3.o)
                              Encoder_reader_simulink.c.o (__aeabi_dsub)
C:/ProgramData/MATLAB/SupportPackages/R2025b/3P.instrset/gnuarm-armcortex.instrset/win/bin/../lib/gcc/arm-none-eabi/13.2.1/thumb/v7e-m+fp/hard\libgcc.a(_arm_muldivdf3.o)
                              Encoder_reader_simulink.c.o (__aeabi_ddiv)
C:/ProgramData/MATLAB/SupportPackages/R2025b/3P.instrset/gnuarm-armcortex.instrset/win/bin/../lib/gcc/arm-none-eabi/13.2.1/thumb/v7e-m+fp/hard\libgcc.a(_arm_cmpdf2.o)
                              xcp_ext_mode.c.o (__aeabi_dcmpeq)
C:/ProgramData/MATLAB/SupportPackages/R2025b/3P.instrset/gnuarm-armcortex.instrset/win/bin/../lib/gcc/arm-none-eabi/13.2.1/thumb/v7e-m+fp/hard\libgcc.a(_arm_unorddf2.o)
                              rt_nonfinite.c.o (__aeabi_dcmpun)
C:/ProgramData/MATLAB/SupportPackages/R2025b/3P.instrset/gnuarm-armcortex.instrset/win/bin/../lib/gcc/arm-none-eabi/13.2.1/thumb/v7e-m+fp/hard\libgcc.a(_arm_fixunsdfsi.o)
                              xcp_ext_common.c.o (__aeabi_d2uiz)
C:/ProgramData/MATLAB/SupportPackages/R2025b/3P.instrset/gnuarm-armcortex.instrset/win/bin/../lib/gcc/arm-none-eabi/13.2.1/thumb/v7e-m+fp/hard\libgcc.a(_aeabi_uldivmod.o)
                              stm32g4xx_ll_lpuart.c.o (__aeabi_uldivmod)
C:/ProgramData/MATLAB/SupportPackages/R2025b/3P.instrset/gnuarm-armcortex.instrset/win/bin/../lib/gcc/arm-none-eabi/13.2.1/thumb/v7e-m+fp/hard\libgcc.a(_udivmoddi4.o)
                              C:/ProgramData/MATLAB/SupportPackages/R2025b/3P.instrset/gnuarm-armcortex.instrset/win/bin/../lib/gcc/arm-none-eabi/13.2.1/thumb/v7e-m+fp/hard\libgcc.a(_aeabi_uldivmod.o) (__udivmoddi4)
C:/ProgramData/MATLAB/SupportPackages/R2025b/3P.instrset/gnuarm-armcortex.instrset/win/bin/../lib/gcc/arm-none-eabi/13.2.1/thumb/v7e-m+fp/hard\libgcc.a(_dvmd_tls.o)
                              C:/ProgramData/MATLAB/SupportPackages/R2025b/3P.instrset/gnuarm-armcortex.instrset/win/bin/../lib/gcc/arm-none-eabi/13.2.1/thumb/v7e-m+fp/hard\libgcc.a(_aeabi_uldivmod.o) (__aeabi_ldiv0)
C:/ProgramData/MATLAB/SupportPackages/R2025b/3P.instrset/gnuarm-armcortex.instrset/win/bin/../lib/gcc/arm-none-eabi/13.2.1/thumb/v7e-m+fp/hard\libg_nano.a(libc_a-exit.o)
                              C:/ProgramData/MATLAB/SupportPackages/R2025b/3P.instrset/gnuarm-armcortex.instrset/win/bin/../lib/gcc/arm-none-eabi/13.2.1/thumb/v7e-m+fp/hard/crt0.o (exit)
C:/ProgramData/MATLAB/SupportPackages/R2025b/3P.instrset/gnuarm-armcortex.instrset/win/bin/../lib/gcc/arm-none-eabi/13.2.1/thumb/v7e-m+fp/hard\libg_nano.a(libc_a-findfp.o)
                              C:/ProgramData/MATLAB/SupportPackages/R2025b/3P.instrset/gnuarm-armcortex.instrset/win/bin/../lib/gcc/arm-none-eabi/13.2.1/thumb/v7e-m+fp/hard\libg_nano.a(libc_a-exit.o) (__stdio_exit_handler)
C:/ProgramData/MATLAB/SupportPackages/R2025b/3P.instrset/gnuarm-armcortex.instrset/win/bin/../lib/gcc/arm-none-eabi/13.2.1/thumb/v7e-m+fp/hard\libg_nano.a(libc_a-fwalk.o)
                              C:/ProgramData/MATLAB/SupportPackages/R2025b/3P.instrset/gnuarm-armcortex.instrset/win/bin/../lib/gcc/arm-none-eabi/13.2.1/thumb/v7e-m+fp/hard\libg_nano.a(libc_a-findfp.o) (_fwalk_sglue)
C:/ProgramData/MATLAB/SupportPackages/R2025b/3P.instrset/gnuarm-armcortex.instrset/win/bin/../lib/gcc/arm-none-eabi/13.2.1/thumb/v7e-m+fp/hard\libg_nano.a(libc_a-stdio.o)
                              C:/ProgramData/MATLAB/SupportPackages/R2025b/3P.instrset/gnuarm-armcortex.instrset/win/bin/../lib/gcc/arm-none-eabi/13.2.1/thumb/v7e-m+fp/hard\libg_nano.a(libc_a-findfp.o) (__sread)
C:/ProgramData/MATLAB/SupportPackages/R2025b/3P.instrset/gnuarm-armcortex.instrset/win/bin/../lib/gcc/arm-none-eabi/13.2.1/thumb/v7e-m+fp/hard\libg_nano.a(libc_a-memset.o)
                              C:/ProgramData/MATLAB/SupportPackages/R2025b/3P.instrset/gnuarm-armcortex.instrset/win/bin/../lib/gcc/arm-none-eabi/13.2.1/thumb/v7e-m+fp/hard/crt0.o (memset)
[...]
Memory Configuration

Name             Origin             Length             Attributes
RAM              0x20000000         0x00020000         xrw
FLASH            0x08000000         0x00080000         xr
*default*        0x00000000         0xffffffff

Linker script and memory map

LOAD C:/ProgramData/MATLAB/SupportPackages/R2025b/3P.instrset/gnuarm-armcortex.instrset/win/bin/../lib/gcc/arm-none-eabi/13.2.1/thumb/v7e-m+fp/hard/crti.o
LOAD C:/ProgramData/MATLAB/SupportPackages/R2025b/3P.instrset/gnuarm-armcortex.instrset/win/bin/../lib/gcc/arm-none-eabi/13.2.1/thumb/v7e-m+fp/hard/crtbegin.o
LOAD C:/ProgramData/MATLAB/SupportPackages/R2025b/3P.instrset/gnuarm-armcortex.instrset/win/bin/../lib/gcc/arm-none-eabi/13.2.1/thumb/v7e-m+fp/hard/crt0.o
LOAD xcp_ext_mode.c.o
LOAD Encoder_reader_simulink.c.o
LOAD ert_main.c.o
LOAD rtGetInf.c.o
LOAD rt_nonfinite.c.o
LOAD xcp_ext_common.c.o
LOAD xcp_ext_classic_trigger.c.o
LOAD xcp.c.o
LOAD xcp_standard.c.o
LOAD xcp_daq.c.o
LOAD xcp_calibration.c.o
LOAD xcp_fifo.c.o
LOAD xcp_transport.c.o
LOAD xcp_mem_default.c.o
LOAD xcp_drv_rtiostream.c.o
LOAD xcp_utils.c.o
LOAD xcp_frame_serial.c.o
LOAD xcp_ext_param_default_serial.c.o
LOAD overrideHALDelay.c.o
LOAD platform_timer.c.o
LOAD SysTickScheduler.c.o
LOAD m3m4m4f_multitasking.c.o
LOAD rtiostream_serial.c.o
LOAD stm_usart.c.o
LOAD stm_lpuart.c.o
LOAD sys_arch_arm.c.o
LOAD main.c.o
LOAD stm32g4xx_it.c.o
LOAD stm32g4xx_hal_msp.c.o
LOAD stm32g4xx_hal_timebase_tim.c.o
LOAD stm32g4xx_ll_utils.c.o
LOAD stm32g4xx_ll_exti.c.o
LOAD stm32g4xx_hal_tim.c.o
LOAD stm32g4xx_hal_tim_ex.c.o
LOAD stm32g4xx_ll_gpio.c.o
LOAD stm32g4xx_ll_dma.c.o
LOAD stm32g4xx_ll_lpuart.c.o
LOAD stm32g4xx_ll_rcc.c.o
LOAD stm32g4xx_ll_pwr.c.o
LOAD stm32g4xx_hal.c.o
LOAD stm32g4xx_hal_rcc.c.o
LOAD stm32g4xx_hal_rcc_ex.c.o
LOAD stm32g4xx_hal_flash.c.o
LOAD stm32g4xx_hal_flash_ex.c.o
LOAD stm32g4xx_hal_flash_ramfunc.c.o
LOAD stm32g4xx_hal_gpio.c.o
LOAD stm32g4xx_hal_exti.c.o
LOAD stm32g4xx_hal_dma.c.o
LOAD stm32g4xx_hal_dma_ex.c.o
LOAD stm32g4xx_hal_pwr.c.o
LOAD stm32g4xx_hal_pwr_ex.c.o
LOAD stm32g4xx_hal_cortex.c.o
LOAD stm32g4xx_ll_tim.c.o
LOAD system_stm32g4xx.c.o
LOAD syscalls.c.o
LOAD sysmem.c.o
LOAD startup_stm32g474retx.s.o
LOAD stm_timer_ll.c.o
LOAD C:/ProgramData/MATLAB/SupportPackages/R2025b/3P.instrset/cmsis_dsp.instrset/Lib/GCC/arm_cortexm4ldfsp_math/libCMSISDSP.a
LOAD C:/ProgramData/MATLAB/SupportPackages/R2025b/toolbox/shared/supportpackages/stm32/lib/GCC/libmw_pdmfilter_m4_spfp.lib
LOAD C:/ProgramData/MATLAB/SupportPackages/R2025b/3P.instrset/gnuarm-armcortex.instrset/win/bin/../lib/gcc/arm-none-eabi/13.2.1/thumb/v7e-m+fp/hard\libstdc++_nano.a
LOAD C:/ProgramData/MATLAB/SupportPackages/R2025b/3P.instrset/gnuarm-armcortex.instrset/win/bin/../lib/gcc/arm-none-eabi/13.2.1/thumb/v7e-m+fp/hard\libm.a
START GROUP
LOAD C:/ProgramData/MATLAB/SupportPackages/R2025b/3P.instrset/gnuarm-armcortex.instrset/win/bin/../lib/gcc/arm-none-eabi/13.2.1/thumb/v7e-m+fp/hard\libgcc.a
LOAD C:/ProgramData/MATLAB/SupportPackages/R2025b/3P.instrset/gnuarm-armcortex.instrset/win/bin/../lib/gcc/arm-none-eabi/13.2.1/thumb/v7e-m+fp/hard\libg_nano.a
LOAD C:/ProgramData/MATLAB/SupportPackages/R2025b/3P.instrset/gnuarm-armcortex.instrset/win/bin/../lib/gcc/arm-none-eabi/13.2.1/thumb/v7e-m+fp/hard\libc_nano.a
END GROUP
START GROUP
LOAD C:/ProgramData/MATLAB/SupportPackages/R2025b/3P.instrset/gnuarm-armcortex.instrset/win/bin/../lib/gcc/arm-none-eabi/13.2.1/thumb/v7e-m+fp/hard\libgcc.a
LOAD C:/ProgramData/MATLAB/SupportPackages/R2025b/3P.instrset/gnuarm-armcortex.instrset/win/bin/../lib/gcc/arm-none-eabi/13.2.1/thumb/v7e-m+fp/hard\libc_nano.a
LOAD C:/ProgramData/MATLAB/SupportPackages/R2025b/3P.instrset/gnuarm-armcortex.instrset/win/bin/../lib/gcc/arm-none-eabi/13.2.1/thumb/v7e-m+fp/hard\libnosys.a
END GROUP
START GROUP
LOAD C:/ProgramData/MATLAB/SupportPackages/R2025b/3P.instrset/gnuarm-armcortex.instrset/win/bin/../lib/gcc/arm-none-eabi/13.2.1/thumb/v7e-m+fp/hard\libgcc.a
LOAD C:/ProgramData/MATLAB/SupportPackages/R2025b/3P.instrset/gnuarm-armcortex.instrset/win/bin/../lib/gcc/arm-none-eabi/13.2.1/thumb/v7e-m+fp/hard\libc_nano.a
LOAD C:/ProgramData/MATLAB/SupportPackages/R2025b/3P.instrset/gnuarm-armcortex.instrset/win/bin/../lib/gcc/arm-none-eabi/13.2.1/thumb/v7e-m+fp/hard\libnosys.a
END GROUP
LOAD C:/ProgramData/MATLAB/SupportPackages/R2025b/3P.instrset/gnuarm-armcortex.instrset/win/bin/../lib/gcc/arm-none-eabi/13.2.1/thumb/v7e-m+fp/hard/crtend.o
LOAD C:/ProgramData/MATLAB/SupportPackages/R2025b/3P.instrset/gnuarm-armcortex.instrset/win/bin/../lib/gcc/arm-none-eabi/13.2.1/thumb/v7e-m+fp/hard/crtn.o
                0x20020000                        _estack = (ORIGIN (RAM) + LENGTH (RAM))
                0x00000200                        _Min_Heap_Size = 0x200
                0x00000400                        _Min_Stack_Size = 0x400

.isr_vector     0x08000000      0x1d8
                0x08000000                        . = ALIGN (0x4)
 *(.isr_vector)
 .isr_vector    0x08000000      0x1d8 startup_stm32g474retx.s.o
                0x08000000                g_pfnVectors
                0x080001d8                        . = ALIGN (0x4)

.text           0x080001d8     0xd15c
                0x080001d8                        . = ALIGN (0x4)
 *(.text)
 .text          0x080001d8      0x378 C:/ProgramData/MATLAB/SupportPackages/R2025b/3P.instrset/gnuarm-armcortex.instrset/win/bin/../lib/gcc/arm-none-eabi/13.2.1/thumb/v7e-m+fp/hard\libgcc.a(_arm_addsubdf3.o)
                0x080001d8                __aeabi_drsub
                0x080001e0                __aeabi_dsub
                0x080001e0                __subdf3
                0x080001e4                __aeabi_dadd
                0x080001e4                __adddf3
                0x0800045c                __floatunsidf
                0x0800045c                __aeabi_ui2d
                0x0800047c                __floatsidf
                0x0800047c                __aeabi_i2d
                0x080004a0                __aeabi_f2d
                0x080004a0                __extendsfdf2
                0x080004e4                __floatundidf
                0x080004e4                __aeabi_ul2d
                0x080004f4                __floatdidf
                0x080004f4                __aeabi_l2d
 .text          0x08000550      0x424 C:/ProgramData/MATLAB/SupportPackages/R2025b/3P.instrset/gnuarm-armcortex.instrset/win/bin/../lib/gcc/arm-none-eabi/13.2.1/thumb/v7e-m+fp/hard\libgcc.a(_arm_muldivdf3.o)
                0x08000550                __aeabi_dmul
                0x08000550                __muldf3
                0x080007a4                __divdf3
                0x080007a4                __aeabi_ddiv
 .text          0x08000974      0x110 C:/ProgramData/MATLAB/SupportPackages/R2025b/3P.instrset/gnuarm-armcortex.instrset/win/bin/../lib/gcc/arm-none-eabi/13.2.1/thumb/v7e-m+fp/hard\libgcc.a(_arm_cmpdf2.o)
                0x08000974                __gtdf2
                0x08000974                __gedf2
                0x0800097c                __ltdf2
                0x0800097c                __ledf2
                0x08000984                __nedf2
                0x08000984                __eqdf2
                0x08000984                __cmpdf2
                0x08000a00                __aeabi_cdrcmple
                0x08000a10                __aeabi_cdcmpeq
                0x08000a10                __aeabi_cdcmple
                0x08000a20                __aeabi_dcmpeq
                0x08000a34                __aeabi_dcmplt
                0x08000a48                __aeabi_dcmple
                0x08000a5c                __aeabi_dcmpge
                0x08000a70                __aeabi_dcmpgt
 .text          0x08000a84       0x2c C:/ProgramData/MATLAB/SupportPackages/R2025b/3P.instrset/gnuarm-armcortex.instrset/win/bin/../lib/gcc/arm-none-eabi/13.2.1/thumb/v7e-m+fp/hard\libgcc.a(_arm_unorddf2.o)
                0x08000a84                __unorddf2
                0x08000a84                __aeabi_dcmpun
 .text          0x08000ab0       0x40 C:/ProgramData/MATLAB/SupportPackages/R2025b/3P.instrset/gnuarm-armcortex.instrset/win/bin/../lib/gcc/arm-none-eabi/13.2.1/thumb/v7e-m+fp/hard\libgcc.a(_arm_fixunsdfsi.o)
                0x08000ab0                __aeabi_d2uiz
                0x08000ab0                __fixunsdfsi
 .text          0x08000af0       0x30 C:/ProgramData/MATLAB/SupportPackages/R2025b/3P.instrset/gnuarm-armcortex.instrset/win/bin/../lib/gcc/arm-none-eabi/13.2.1/thumb/v7e-m+fp/hard\libgcc.a(_aeabi_uldivmod.o)
                0x08000af0                __aeabi_uldivmod
 .text          0x08000b20        0x4 C:/ProgramData/MATLAB/SupportPackages/R2025b/3P.instrset/gnuarm-armcortex.instrset/win/bin/../lib/gcc/arm-none-eabi/13.2.1/thumb/v7e-m+fp/hard\libgcc.a(_dvmd_tls.o)
                0x08000b20                __aeabi_idiv0
                0x08000b20                __aeabi_ldiv0
 *(.text*)
 .text.deregister_tm_clones
                0x08000b24       0x1c C:/ProgramData/MATLAB/SupportPackages/R2025b/3P.instrset/gnuarm-armcortex.instrset/win/bin/../lib/gcc/arm-none-eabi/13.2.1/thumb/v7e-m+fp/hard/crtbegin.o
 .text.register_tm_clones
                0x08000b40       0x24 C:/ProgramData/MATLAB/SupportPackages/R2025b/3P.instrset/gnuarm-armcortex.instrset/win/bin/../lib/gcc/arm-none-eabi/13.2.1/thumb/v7e-m+fp/hard/crtbegin.o
 .text.__do_global_dtors_aux
                0x08000b64       0x28 C:/ProgramData/MATLAB/SupportPackages/R2025b/3P.instrset/gnuarm-armcortex.instrset/win/bin/../lib/gcc/arm-none-eabi/13.2.1/thumb/v7e-m+fp/hard/crtbegin.o
 .text.frame_dummy
                0x08000b8c       0x24 C:/ProgramData/MATLAB/SupportPackages/R2025b/3P.instrset/gnuarm-armcortex.instrset/win/bin/../lib/gcc/arm-none-eabi/13.2.1/thumb/v7e-m+fp/hard/crtbegin.o
 .text.extmodeParseArgs
                0x08000bb0       0x1e xcp_ext_mode.c.o
                0x08000bb0                extmodeParseArgs
 *fill*         0x08000bce        0x2 
 .text.extmodeInit
                0x08000bd0      0x128 xcp_ext_mode.c.o
                0x08000bd0                extmodeInit
 .text.extmodeWaitForHostRequest
                0x08000cf8       0xcc xcp_ext_mode.c.o
                0x08000cf8                extmodeWaitForHostRequest
 .text.extmodeEvent
                0x08000dc4       0xfc xcp_ext_mode.c.o
                0x08000dc4                extmodeEvent
 .text.extmodeBackgroundRun
                0x08000ec0       0x20 xcp_ext_mode.c.o
                0x08000ec0                extmodeBackgroundRun
 .text.extmodeReset
                0x08000ee0       0x40 xcp_ext_mode.c.o
                0x08000ee0                extmodeReset
 .text.extmodeStopRequested
                0x08000f20       0x18 xcp_ext_mode.c.o
                0x08000f20                extmodeStopRequested
 .text.extmodeSimulationComplete
                0x08000f38       0x18 xcp_ext_mode.c.o
                0x08000f38                extmodeSimulationComplete
 .text.LL_TIM_EnableCounter
                0x08000f50       0x20 Encoder_reader_simulink.c.o
 .text.LL_TIM_DisableCounter
                0x08000f70       0x20 Encoder_reader_simulink.c.o
 .text.LL_TIM_SetUpdateSource
                0x08000f90       0x26 Encoder_reader_simulink.c.o
 .text.LL_TIM_GetUpdateSource
                0x08000fb6       0x1c Encoder_reader_simulink.c.o
 .text.LL_TIM_SetCounter
                0x08000fd2       0x1c Encoder_reader_simulink.c.o
 .text.LL_TIM_GetDirection
                0x08000fee       0x1c Encoder_reader_simulink.c.o
 .text.LL_TIM_GetAutoReload
                0x0800100a       0x18 Encoder_reader_simulink.c.o
 .text.LL_TIM_SetRepetitionCounter
                0x08001022       0x1c Encoder_reader_simulink.c.o
 .text.LL_TIM_GenerateEvent_UPDATE
                0x0800103e       0x20 Encoder_reader_simulink.c.o
 .text.LL_GPIO_ReadInputPort
                0x0800105e       0x18 Encoder_reader_simulink.c.o
 *fill*         0x08001076        0x2 
 .text.isSlaveTriggerModeEnabled
                0x08001078       0x30 Encoder_reader_simulink.c.o
 .text.enableCounter
                0x080010a8      0x118 Encoder_reader_simulink.c.o
 .text.disableCounter
                0x080011c0       0x1a Encoder_reader_simulink.c.o
 .text.resetCounterAccToInput
                0x080011da       0x50 Encoder_reader_simulink.c.o
 .text.Encoder_reade_WrapAroundX1_Init
                0x0800122a       0x2e Encoder_reader_simulink.c.o
                0x0800122a                Encoder_reade_WrapAroundX1_Init
 .text.Encoder_reader_sim_WrapAroundX1
                0x08001258      0x11c Encoder_reader_simulink.c.o
                0x08001258                Encoder_reader_sim_WrapAroundX1
 .text.EncoderBlockForG4_setupImpl_j2
                0x08001374       0x88 Encoder_reader_simulink.c.o
 .text.E_EncoderBlockForG4_setupImpl_j
                0x080013fc       0x88 Encoder_reader_simulink.c.o
 .text.Enc_EncoderBlockForG4_setupImpl
                0x08001484       0x88 Encoder_reader_simulink.c.o
 *fill*         0x0800150c        0x4 
 .text.Encoder_reader_simulink_step
                0x08001510      0x450 Encoder_reader_simulink.c.o
                0x08001510                Encoder_reader_simulink_step
 .text.Encoder_reader_simulink_initialize
                0x08001960      0x21c Encoder_reader_simulink.c.o
                0x08001960                Encoder_reader_simulink_initialize
 .text.Encoder_reader_simulink_terminate
                0x08001b7c      0x14c Encoder_reader_simulink.c.o
                0x08001b7c                Encoder_reader_simulink_terminate
 .text.rt_OneStep
                0x08001cc8       0x4c ert_main.c.o
                0x08001cc8                rt_OneStep
 .text.main     0x08001d14      0x190 ert_main.c.o
                0x08001d14                main
 .text.xcp_void_printf
                0x08001ea4       0x12 xcp_ext_common.c.o
                0x08001ea4                xcp_void_printf
 .text.xcpCopyTimeValue
                0x08001eb6       0x26 xcp_ext_common.c.o
 *fill*         0x08001edc        0x4 
 .text.xcpExtModeUpdateTime
                0x08001ee0      0x13c xcp_ext_common.c.o
                0x08001ee0                xcpExtModeUpdateTime
 .text.xcpExtModeInit
                0x0800201c       0xb0 xcp_ext_common.c.o
                0x0800201c                xcpExtModeInit
 .text.xcpExtModeRunBackground
                0x080020cc      0x13c xcp_ext_common.c.o
                0x080020cc                xcpExtModeRunBackground
 .text.xcpExtModeReset
                0x08002208      0x128 xcp_ext_common.c.o
                0x08002208                xcpExtModeReset
 .text.sampleSignalTrigger
                0x08002330      0x1b4 xcp_ext_classic_trigger.c.o
 .text.updateTriggerStatus
                0x080024e4      0x2b8 xcp_ext_classic_trigger.c.o
 .text.xcpExtModeClassicTriggerInit
                0x0800279c       0x68 xcp_ext_classic_trigger.c.o
                0x0800279c                xcpExtModeClassicTriggerInit
 .text.xcpExtModeClassicTriggerEnabled
                0x08002804      0x100 xcp_ext_classic_trigger.c.o
                0x08002804                xcpExtModeClassicTriggerEnabled
 .text.xcpExtModeClassicTriggerReset
                0x08002904       0xf4 xcp_ext_classic_trigger.c.o
                0x08002904                xcpExtModeClassicTriggerReset
 .text.xcpExtModeClassicTriggerForceEnableStatusUpdate
                0x080029f8       0x78 xcp_ext_classic_trigger.c.o
                0x080029f8                xcpExtModeClassicTriggerForceEnableStatusUpdate
 .text.msgBufferRealloc
                0x08002a70       0x72 xcp.c.o
 *fill*         0x08002ae2        0x2 
 .text.discardInputPacketHandler
                0x08002ae4       0x3c xcp.c.o
 .text.unknownInputPacketHandler
                0x08002b20       0x34 xcp.c.o
 .text.xcpGetPacketGroupID
                0x08002b54       0x74 xcp.c.o
 .text.xcpGetPacketHandlers
                0x08002bc8      0x124 xcp.c.o
 .text.xcpStatusSet
                0x08002cec       0x20 xcp.c.o
                0x08002cec                xcpStatusSet
 .text.xcpSessionStatusGet
                0x08002d0c       0x18 xcp.c.o
                0x08002d0c                xcpSessionStatusGet
 .text.xcpSessionStatusSetMask
                0x08002d24       0x28 xcp.c.o
                0x08002d24                xcpSessionStatusSetMask
 .text.xcpSessionStatusClearMask
                0x08002d4c       0x34 xcp.c.o
                0x08002d4c                xcpSessionStatusClearMask
 .text.xcpResourceProtectionStatusGet
                0x08002d80       0x18 xcp.c.o
                0x08002d80                xcpResourceProtectionStatusGet
 .text.xcpSessionConfigurationIdGet
                0x08002d98       0x18 xcp.c.o
                0x08002d98                xcpSessionConfigurationIdGet
 .text.genericOutputPacketHandler
                0x08002db0      0x11c xcp.c.o
                0x08002db0                genericOutputPacketHandler
 .text.xcpFindPacket
                0x08002ecc       0x6e xcp.c.o
                0x08002ecc                xcpFindPacket
 *fill*         0x08002f3a        0x2 
 .text.xcpInit  0x08002f3c       0x64 xcp.c.o
                0x08002f3c                xcpInit
 .text.xcpRun   0x08002fa0      0x194 xcp.c.o
                0x08002fa0                xcpRun
 .text.xcpEvent
                0x08003134       0x50 xcp.c.o
                0x08003134                xcpEvent
 .text.xcpGetStatus
                0x08003184       0x18 xcp.c.o
                0x08003184                xcpGetStatus
 .text.xcpReset
                0x0800319c       0x40 xcp.c.o
                0x0800319c                xcpReset
 .text.xcpPackedModeEventsFlush
                0x080031dc       0x1e xcp.c.o
                0x080031dc                xcpPackedModeEventsFlush
 .text.xcpPackedModeEventReset
                0x080031fa       0x2a xcp.c.o
                0x080031fa                xcpPackedModeEventReset
 .text.isValidUploadSize
                0x08003224       0x30 xcp_standard.c.o
 .text.xcpMemcpyFromMTA
                0x08003254       0x38 xcp_standard.c.o
 .text.connectInputPacketHandler
                0x0800328c       0xa4 xcp_standard.c.o
 .text.connectOutputPacketHandler
                0x08003330       0xd4 xcp_standard.c.o
 .text.disconnectInputPacketHandler
                0x08003404       0x54 xcp_standard.c.o
 .text.getStatusInputPacketHandler
                0x08003458       0x28 xcp_standard.c.o
 .text.getStatusOutputPacketHandler
                0x08003480       0x80 xcp_standard.c.o
 .text.synchInputPacketHandler
                0x08003500       0x44 xcp_standard.c.o
 .text.setMTAInputPacketHandler
                0x08003544       0x78 xcp_standard.c.o
 .text.uploadInputPacketHandler
                0x080035bc       0x98 xcp_standard.c.o
 .text.uploadOutputPacketHandler
                0x08003654       0x9c xcp_standard.c.o
 .text.shortUploadInputPacketHandler
                0x080036f0       0xa4 xcp_standard.c.o
 .text.shortUploadOutputPacketHandler
                0x08003794       0x9c xcp_standard.c.o
 .text.getPacket
                0x08003830       0x24 xcp_standard.c.o
 .text.xcpStandardInit
                0x08003854       0x18 xcp_standard.c.o
                0x08003854                xcpStandardInit
 .text.xcpStandardGetPacketLookup
                0x0800386c       0x18 xcp_standard.c.o
                0x0800386c                xcpStandardGetPacketLookup
 .text.xcpStandardSetPacketLookup
                0x08003884       0x20 xcp_standard.c.o
                0x08003884                xcpStandardSetPacketLookup
 .text.xcpStandardReset
                0x080038a4       0x12 xcp_standard.c.o
                0x080038a4                xcpStandardReset
 *fill*         0x080038b6        0x2 
 .text.xcpStandardGetAddressFromMta
                0x080038b8       0x18 xcp_standard.c.o
                0x080038b8                xcpStandardGetAddressFromMta
 .text.xcpStandardSetMta
                0x080038d0       0x3c xcp_standard.c.o
                0x080038d0                xcpStandardSetMta
 .text.xcpStandardIncrementMta
                0x0800390c       0x28 xcp_standard.c.o
                0x0800390c                xcpStandardIncrementMta
 .text.xcpStandardExtendedInit
                0x08003934        0xe xcp_standard.c.o
                0x08003934                xcpStandardExtendedInit
 .text.xcpStandardExtendedReset
                0x08003942        0xe xcp_standard.c.o
                0x08003942                xcpStandardExtendedReset
 .text.xcpDaqWriteLock
                0x08003950       0x4c xcp_daq.c.o
 .text.xcpDaqWriteUnlock
                0x0800399c       0x20 xcp_daq.c.o
 .text.xcpDaqReadLock
                0x080039bc       0x38 xcp_daq.c.o
 .text.xcpDaqReadUnlock
                0x080039f4       0x38 xcp_daq.c.o
 .text.isActiveDaqList
                0x08003a2c       0x50 xcp_daq.c.o
 .text.noActiveDaqLists
                0x08003a7c       0x50 xcp_daq.c.o
 .text.isValidDaqPtr
                0x08003acc       0xb8 xcp_daq.c.o
 .text.isValidDaqEntry
                0x08003b84       0x36 xcp_daq.c.o
 .text.isSupportedDaqListMode
                0x08003bba       0x26 xcp_daq.c.o
 .text.isValidStartStopMode
                0x08003be0       0x32 xcp_daq.c.o
 .text.isValidStartStopSynchMode
                0x08003c12       0x32 xcp_daq.c.o
 .text.absoluteOdtNumberIdentification
                0x08003c44       0x10 xcp_daq.c.o
 .text.isDaqPackedModeEnabled
                0x08003c54       0x6c xcp_daq.c.o
 .text.odtPacketSize
                0x08003cc0       0x54 xcp_daq.c.o
 .text.createDaqReservedPool
                0x08003d14       0x88 xcp_daq.c.o
 .text.destroyDaqReservedPool
                0x08003d9c       0x2c xcp_daq.c.o
 .text.setDaqPtrInputPacketHandler
                0x08003dc8       0xdc xcp_daq.c.o
 .text.writeDaqInputPacketHandler
                0x08003ea4      0x198 xcp_daq.c.o
 .text.setDaqListModeInputPacketHandler
                0x0800403c      0x1c8 xcp_daq.c.o
 .text.startStopDaqListInputPacketHandler
                0x08004204      0x3f4 xcp_daq.c.o
 .text.startStopDaqListOutputPacketHandler
                0x080045f8       0x5c xcp_daq.c.o
 .text.startStopSynchInputPacketHandler
                0x08004654      0x328 xcp_daq.c.o
 .text.getDaqProcessorInfoInputPacketHandler
                0x0800497c       0x28 xcp_daq.c.o
 .text.getDaqProcessorInfoOutputPacketHandler
                0x080049a4       0xac xcp_daq.c.o
 .text.getDaqResolutionInfoInputPacketHandler
                0x08004a50       0x28 xcp_daq.c.o
 .text.getDaqResolutionInfoOutputPacketHandler
                0x08004a78       0xb8 xcp_daq.c.o
 .text.freeDaqInputPacketHandler
                0x08004b30       0x5c xcp_daq.c.o
 .text.allocDaqInputPacketHandler
                0x08004b8c      0x18c xcp_daq.c.o
 .text.allocOdtInputPacketHandler
                0x08004d18      0x1c0 xcp_daq.c.o
 .text.allocOdtEntryInputPacketHandler
                0x08004ed8      0x270 xcp_daq.c.o
 .text.getDaqClockInputPacketHandler
                0x08005148       0x22 xcp_daq.c.o
 *fill*         0x0800516a        0x2 
 .text.setDaqPackedModeInputPacketHandler
                0x0800516c      0x21c xcp_daq.c.o
 .text.level1CommandInputPacketHandler
                0x08005388       0x64 xcp_daq.c.o
 .text.getPacket
                0x080053ec       0x24 xcp_daq.c.o
 .text.xcpDaqInit
                0x08005410       0x38 xcp_daq.c.o
                0x08005410                xcpDaqInit
 .text.xcpDaqGetPacketLookup
                0x08005448       0x18 xcp_daq.c.o
                0x08005448                xcpDaqGetPacketLookup
 .text.xcpDaqSetPacketLookup
                0x08005460       0x20 xcp_daq.c.o
                0x08005460                xcpDaqSetPacketLookup
 .text.xcpResetDaq
                0x08005480       0xa4 xcp_daq.c.o
 .text.daqWriteXCPDataForOdt
                0x08005524       0x7c xcp_daq.c.o
 .text.odtWriteEntries
                0x080055a0       0x9c xcp_daq.c.o
 .text.xcpProcessDaq
                0x0800563c      0x208 xcp_daq.c.o
 .text.xcpDaqEvent
                0x08005844      0x108 xcp_daq.c.o
                0x08005844                xcpDaqEvent
 .text.xcpDaqEventsFlush
                0x0800594c      0x284 xcp_daq.c.o
                0x0800594c                xcpDaqEventsFlush
 .text.xcpDaqLock
                0x08005bd0       0x1e xcp_daq.c.o
                0x08005bd0                xcpDaqLock
 .text.xcpDaqUnlock
                0x08005bee        0xe xcp_daq.c.o
                0x08005bee                xcpDaqUnlock
 .text.xcpResetDaqListStatus
                0x08005bfc      0x19c xcp_daq.c.o
                0x08005bfc                xcpResetDaqListStatus
 .text.xcpDaqReset
                0x08005d98       0x20 xcp_daq.c.o
                0x08005d98                xcpDaqReset
 .text.xcpDaqExtendedInit
                0x08005db8        0xe xcp_daq.c.o
                0x08005db8                xcpDaqExtendedInit
 .text.xcpDaqExtendedReset
                0x08005dc6        0xe xcp_daq.c.o
                0x08005dc6                xcpDaqExtendedReset
 .text.isValidShortDownloadSize
                0x08005dd4       0x34 xcp_calibration.c.o
 .text.isValidDownloadSize
                0x08005e08       0x3a xcp_calibration.c.o
 *fill*         0x08005e42        0x2 
 .text.xcpMemcpyToMTA
                0x08005e44       0x34 xcp_calibration.c.o
 .text.downloadInputPacketHandler
                0x08005e78       0xb0 xcp_calibration.c.o
 .text.shortDownloadInputPacketHandler
                0x08005f28       0xb8 xcp_calibration.c.o
 .text.getPacket
                0x08005fe0       0x24 xcp_calibration.c.o
 .text.xcpCalibrationInit
                0x08006004       0x14 xcp_calibration.c.o
                0x08006004                xcpCalibrationInit
 .text.xcpCalibrationGetPacketLookup
                0x08006018       0x18 xcp_calibration.c.o
                0x08006018                xcpCalibrationGetPacketLookup
 .text.xcpCalibrationSetPacketLookup
                0x08006030       0x20 xcp_calibration.c.o
                0x08006030                xcpCalibrationSetPacketLookup
 .text.xcpCalibrationReset
                0x08006050        0xe xcp_calibration.c.o
                0x08006050                xcpCalibrationReset
 .text.xcpFifoInit
                0x0800605e       0x20 xcp_fifo.c.o
                0x0800605e                xcpFifoInit
 .text.xcpFifoEnqueue
                0x0800607e       0x2a xcp_fifo.c.o
                0x0800607e                xcpFifoEnqueue
 .text.xcpFifoDequeue
                0x080060a8       0x3e xcp_fifo.c.o
                0x080060a8                xcpFifoDequeue
 .text.xcpFifoEnqueueHead
                0x080060e6       0x32 xcp_fifo.c.o
                0x080060e6                xcpFifoEnqueueHead
 .text.xcpFifoReset
                0x08006118       0x16 xcp_fifo.c.o
                0x08006118                xcpFifoReset
 *fill*         0x0800612e        0x2 
 .text.xcpTransportEmptyTxFifo
                0x08006130       0x6c xcp_transport.c.o
 .text.xcpTransportEmptyRxFifo
                0x0800619c       0x6c xcp_transport.c.o
 .text.xcpTransportInit
                0x08006208      0x138 xcp_transport.c.o
                0x08006208                xcpTransportInit
 .text.xcpTransportTxReady
                0x08006340       0x1a xcp_transport.c.o
                0x08006340                xcpTransportTxReady
 .text.xcpTransportTxTrigger
                0x0800635a       0x1a xcp_transport.c.o
                0x0800635a                xcpTransportTxTrigger
 .text.xcpTransportTxPacketSet
                0x08006374      0x144 xcp_transport.c.o
                0x08006374                xcpTransportTxPacketSet
 .text.xcpTransportTx
                0x080064b8       0xec xcp_transport.c.o
                0x080064b8                xcpTransportTx
 .text.xcpTransportRx
                0x080065a4       0x80 xcp_transport.c.o
                0x080065a4                xcpTransportRx
 .text.xcpTransportRxPacketGet
                0x08006624      0x12c xcp_transport.c.o
                0x08006624                xcpTransportRxPacketGet
 .text.xcpTransportPacketOffset
                0x08006750       0x20 xcp_transport.c.o
                0x08006750                xcpTransportPacketOffset
 .text.xcpTransportMsgBufferSize
                0x08006770       0x70 xcp_transport.c.o
                0x08006770                xcpTransportMsgBufferSize
 .text.xcpTransportMaxDtoSize
                0x080067e0        0xe xcp_transport.c.o
                0x080067e0                xcpTransportMaxDtoSize
 .text.xcpTransportMaxCtoSize
                0x080067ee        0xe xcp_transport.c.o
                0x080067ee                xcpTransportMaxCtoSize
 .text.xcpTransportRestart
                0x080067fc       0x44 xcp_transport.c.o
                0x080067fc                xcpTransportRestart
 .text.xcpTransportResynch
                0x08006840       0x40 xcp_transport.c.o
                0x08006840                xcpTransportResynch
 .text.xcpTransportCtoReservedMemPoolId
                0x08006880       0x18 xcp_transport.c.o
                0x08006880                xcpTransportCtoReservedMemPoolId
 .text.xcpTransportReset
                0x08006898       0xe4 xcp_transport.c.o
                0x08006898                xcpTransportReset
 .text.xcpInitializePoolMemoryArea
                0x0800697c       0x72 xcp_mem_default.c.o
 *fill*         0x080069ee        0x2 
 .text.xcpMemInit
                0x080069f0      0x1d4 xcp_mem_default.c.o
                0x080069f0                xcpMemInit
 .text.xcpMemAlloc
                0x08006bc4       0xe8 xcp_mem_default.c.o
                0x08006bc4                xcpMemAlloc
 .text.xcpMemFree
                0x08006cac      0x170 xcp_mem_default.c.o
                0x08006cac                xcpMemFree
 .text.xcpMemReservedPoolCreate
                0x08006e1c      0x224 xcp_mem_default.c.o
                0x08006e1c                xcpMemReservedPoolCreate
 .text.xcpMemReservedPoolDestroy
                0x08007040      0x158 xcp_mem_default.c.o
                0x08007040                xcpMemReservedPoolDestroy
 .text.xcpMemCustomPoolCreate
                0x08007198       0xbc xcp_mem_default.c.o
                0x08007198                xcpMemCustomPoolCreate
 .text.xcpMemCustomPoolDestroy
                0x08007254       0x64 xcp_mem_default.c.o
                0x08007254                xcpMemCustomPoolDestroy
 .text.xcpMemAllocFromPool
                0x080072b8      0x170 xcp_mem_default.c.o
                0x080072b8                xcpMemAllocFromPool
 .text.xcpMemReset
                0x08007428       0x50 xcp_mem_default.c.o
                0x08007428                xcpMemReset
 .text.xcpDrvOpen
                0x08007478       0x64 xcp_drv_rtiostream.c.o
                0x08007478                xcpDrvOpen
 .text.xcpDrvIoctl
                0x080074dc       0x4c xcp_drv_rtiostream.c.o
                0x080074dc                xcpDrvIoctl
 .text.xcpDrvSend
                0x08007528      0x14c xcp_drv_rtiostream.c.o
                0x08007528                xcpDrvSend
 .text.xcpDrvRecv
                0x08007674      0x14c xcp_drv_rtiostream.c.o
                0x08007674                xcpDrvRecv
 .text.xcpDrvClose
                0x080077c0       0x5c xcp_drv_rtiostream.c.o
                0x080077c0                xcpDrvClose
 .text.xcpSortArray
                0x0800781c       0xcc xcp_utils.c.o
                0x0800781c                xcpSortArray
 .text.xcpSxiHtons
                0x080078e8       0x18 xcp_frame_serial.c.o
 .text.xcpSxiNtohs
                0x08007900       0x1c xcp_frame_serial.c.o
 .text.xcpSxiChecksum
                0x0800791c       0x3e xcp_frame_serial.c.o
                0x0800791c                xcpSxiChecksum
 *fill*         0x0800795a        0x2 
 .text.xcpFrameInit
                0x0800795c       0x70 xcp_frame_serial.c.o
                0x0800795c                xcpFrameInit
 .text.xcpFrameMsgSend
                0x080079cc      0x188 xcp_frame_serial.c.o
                0x080079cc                xcpFrameMsgSend
 .text.xcpFrameMsgRecv
                0x08007b54      0x180 xcp_frame_serial.c.o
                0x08007b54                xcpFrameMsgRecv
 .text.xcpFrameCreateMsg
                0x08007cd4       0x94 xcp_frame_serial.c.o
                0x08007cd4                xcpFrameCreateMsg
 .text.xcpFrameExtractPacket
                0x08007d68      0x158 xcp_frame_serial.c.o
                0x08007d68                xcpFrameExtractPacket
 .text.xcpFrameHeaderSize
                0x08007ec0       0x10 xcp_frame_serial.c.o
                0x08007ec0                xcpFrameHeaderSize
 .text.xcpFrameTailSize
                0x08007ed0       0x10 xcp_frame_serial.c.o
                0x08007ed0                xcpFrameTailSize
 .text.xcpFrameMaxDtoSize
                0x08007ee0       0x12 xcp_frame_serial.c.o
                0x08007ee0                xcpFrameMaxDtoSize
 .text.xcpFrameMaxCtoSize
                0x08007ef2       0x10 xcp_frame_serial.c.o
                0x08007ef2                xcpFrameMaxCtoSize
 *fill*         0x08007f02        0x2 
 .text.xcpFrameRestart
                0x08007f04       0x30 xcp_frame_serial.c.o
                0x08007f04                xcpFrameRestart
 .text.xcpFrameSetCtoReservedMemPoolId
                0x08007f34       0x20 xcp_frame_serial.c.o
                0x08007f34                xcpFrameSetCtoReservedMemPoolId
 .text.xcpFrameReset
                0x08007f54       0x70 xcp_frame_serial.c.o
                0x08007f54                xcpFrameReset
 .text.xcpTransportGetInitParameters
                0x08007fc4       0x2e xcp_ext_param_default_serial.c.o
                0x08007fc4                xcpTransportGetInitParameters
 .text.xcpGetInitParameters
                0x08007ff2       0x2e xcp_ext_param_default_serial.c.o
                0x08007ff2                xcpGetInitParameters
 .text.HAL_Delay
                0x08008020       0x2e overrideHALDelay.c.o
                0x08008020                HAL_Delay
 *fill*         0x0800804e        0x2 
 .text.PeriphCommonClock_Config
                0x08008050       0x10 platform_timer.c.o
                0x08008050                PeriphCommonClock_Config
 .text.getCurrentTimestampInMicros
                0x08008060       0x3c platform_timer.c.o
                0x08008060                getCurrentTimestampInMicros
 .text.returnTimeElapsed
                0x0800809c       0x2c platform_timer.c.o
                0x0800809c                returnTimeElapsed
 .text.timestampInit
                0x080080c8       0x28 platform_timer.c.o
 .text.getCurrentTimestamp
                0x080080f0       0x44 platform_timer.c.o
                0x080080f0                getCurrentTimestamp
 .text.__NVIC_SetPriority
                0x08008134       0x54 SysTickScheduler.c.o
 .text.SysTick_Config
                0x08008188       0x44 SysTickScheduler.c.o
 .text.SysTick_Isr
                0x080081cc       0x48 SysTickScheduler.c.o
 .text.SysTick_Handler
                0x08008214       0x20 SysTickScheduler.c.o
                0x08008214                SysTick_Handler
 .text.ARMCM_SysTick_Config
                0x08008234       0xb0 SysTickScheduler.c.o
                0x08008234                ARMCM_SysTick_Config
 .text.PendSV_Handler
                0x080082e4       0x44 m3m4m4f_multitasking.c.o
                0x080082e4                PendSV_Handler
 .text.SVC_Handler
                0x08008328       0x58 m3m4m4f_multitasking.c.o
                0x08008328                SVC_Handler
 .text.rtIOStreamOpen
                0x08008380       0x44 rtiostream_serial.c.o
                0x08008380                rtIOStreamOpen
 .text.rtIOStreamSend
                0x080083c4       0x38 rtiostream_serial.c.o
                0x080083c4                rtIOStreamSend
 .text.rtIOStreamRecv
                0x080083fc       0x48 rtiostream_serial.c.o
                0x080083fc                rtIOStreamRecv
 .text.rtIOStreamClose
                0x08008444       0x20 rtiostream_serial.c.o
                0x08008444                rtIOStreamClose
 .text.LL_DMA_GetDataLength
                0x08008464       0x30 stm_usart.c.o
 .text.getAvailableDataInBuffer
                0x08008494       0xcc stm_usart.c.o
                0x08008494                getAvailableDataInBuffer
 .text.getBytesToBeReadFromBuffer
                0x08008560       0x6e stm_usart.c.o
                0x08008560                getBytesToBeReadFromBuffer
 *fill*         0x080085ce        0x2 
 .text.readDataFromBuffer
                0x080085d0       0xdc stm_usart.c.o
                0x080085d0                readDataFromBuffer
 .text.__NVIC_GetPriorityGrouping
                0x080086ac       0x1c stm_lpuart.c.o
 .text.__NVIC_EnableIRQ
                0x080086c8       0x3c stm_lpuart.c.o
 .text.__NVIC_SetPriority
                0x08008704       0x54 stm_lpuart.c.o
 .text.NVIC_EncodePriority
                0x08008758       0x66 stm_lpuart.c.o
 *fill*         0x080087be        0x2 
 .text.LL_DMA_EnableChannel
                0x080087c0       0x44 stm_lpuart.c.o
 .text.LL_DMA_DisableChannel
                0x08008804       0x44 stm_lpuart.c.o
 .text.LL_DMA_GetMode
                0x08008848       0x34 stm_lpuart.c.o
 .text.LL_DMA_SetDataLength
                0x0800887c       0x4c stm_lpuart.c.o
 .text.LL_DMA_ConfigAddresses
                0x080088c8       0x7c stm_lpuart.c.o
 .text.LL_DMA_IsActiveFlag_TC1
                0x08008944       0x26 stm_lpuart.c.o
 .text.LL_DMA_ClearFlag_TC1
                0x0800896a       0x1a stm_lpuart.c.o
 .text.LL_DMA_EnableIT_TC
                0x08008984       0x44 stm_lpuart.c.o
 .text.LL_DMA_DisableIT_TC
                0x080089c8       0x44 stm_lpuart.c.o
 .text.LL_DMA_IsEnabledIT_TC
                0x08008a0c       0x3c stm_lpuart.c.o
 .text.LL_LPUART_Enable
                0x08008a48       0x20 stm_lpuart.c.o
 .text.LL_LPUART_Disable
                0x08008a68       0x20 stm_lpuart.c.o
 .text.LL_LPUART_IsEnabled
                0x08008a88       0x26 stm_lpuart.c.o
 .text.LL_LPUART_IsActiveFlag_PE
                0x08008aae       0x26 stm_lpuart.c.o
 .text.LL_LPUART_IsActiveFlag_FE
                0x08008ad4       0x26 stm_lpuart.c.o
 .text.LL_LPUART_IsActiveFlag_NE
                0x08008afa       0x26 stm_lpuart.c.o
 .text.LL_LPUART_IsActiveFlag_ORE
                0x08008b20       0x26 stm_lpuart.c.o
 .text.LL_LPUART_IsActiveFlag_TC
                0x08008b46       0x26 stm_lpuart.c.o
 .text.LL_LPUART_IsActiveFlag_TXE_TXFNF
                0x08008b6c       0x26 stm_lpuart.c.o
 .text.LL_LPUART_ClearFlag_PE
                0x08008b92       0x1a stm_lpuart.c.o
 .text.LL_LPUART_ClearFlag_FE
                0x08008bac       0x1a stm_lpuart.c.o
 .text.LL_LPUART_ClearFlag_NE
                0x08008bc6       0x1a stm_lpuart.c.o
 .text.LL_LPUART_ClearFlag_ORE
                0x08008be0       0x1a stm_lpuart.c.o
 .text.LL_LPUART_EnableIT_RXNE_RXFNE
                0x08008bfa       0x42 stm_lpuart.c.o
 .text.LL_LPUART_EnableIT_PE
                0x08008c3c       0x42 stm_lpuart.c.o
 .text.LL_LPUART_EnableIT_ERROR
                0x08008c7e       0x46 stm_lpuart.c.o
 .text.LL_LPUART_DisableIT_RXNE_RXFNE
                0x08008cc4       0x42 stm_lpuart.c.o
 .text.LL_LPUART_DisableIT_TXE_TXFNF
                0x08008d06       0x42 stm_lpuart.c.o
 .text.LL_LPUART_DisableIT_PE
                0x08008d48       0x42 stm_lpuart.c.o
 .text.LL_LPUART_DisableIT_ERROR
                0x08008d8a       0x46 stm_lpuart.c.o
 .text.LL_LPUART_EnableDMAReq_RX
                0x08008dd0       0x46 stm_lpuart.c.o
 .text.LL_LPUART_DisableDMAReq_RX
                0x08008e16       0x46 stm_lpuart.c.o
 .text.LL_LPUART_EnableDMAReq_TX
                0x08008e5c       0x46 stm_lpuart.c.o
 .text.LL_LPUART_DisableDMAReq_TX
                0x08008ea2       0x46 stm_lpuart.c.o
 .text.LL_LPUART_DMA_GetRegAddr
                0x08008ee8       0x2c stm_lpuart.c.o
 .text.LL_LPUART_ReceiveData8
                0x08008f14       0x1a stm_lpuart.c.o
 .text.LL_LPUART_TransmitData8
                0x08008f2e       0x1e stm_lpuart.c.o
 .text.LPUART_RXDMAInterruptHandler
                0x08008f4c       0xd4 stm_lpuart.c.o
                0x08008f4c                LPUART_RXDMAInterruptHandler
 .text.LPUART_IsActiveFlagError
                0x08009020       0xf4 stm_lpuart.c.o
                0x08009020                LPUART_IsActiveFlagError
 .text.LPUART1_IRQHandler
                0x08009114       0x14 stm_lpuart.c.o
                0x08009114                LPUART1_IRQHandler
 .text.DMA1_Channel1_IRQHandler
                0x08009128       0x20 stm_lpuart.c.o
                0x08009128                DMA1_Channel1_IRQHandler
 .text.LPUART_ConfigureReceiveDMA
                0x08009148       0xae stm_lpuart.c.o
                0x08009148                LPUART_ConfigureReceiveDMA
 .text.LPUART_ConfigureTransmitDMA
                0x080091f6       0x7a stm_lpuart.c.o
                0x080091f6                LPUART_ConfigureTransmitDMA
 .text.MW_LPUART_GetReadErrorStatus
                0x08009270       0xc8 stm_lpuart.c.o
                0x08009270                MW_LPUART_GetReadErrorStatus
 .text.MW_LPUART_Initialize
                0x08009338      0x170 stm_lpuart.c.o
                0x08009338                MW_LPUART_Initialize
 .text.MW_LPUART_ReceiveUsingBuffer
                0x080094a8       0x5c stm_lpuart.c.o
                0x080094a8                MW_LPUART_ReceiveUsingBuffer
 .text.MW_LPUART_TransmitUsingPolling
                0x08009504      0x184 stm_lpuart.c.o
                0x08009504                MW_LPUART_TransmitUsingPolling
 .text.MW_LPUART_DeInit
                0x08009688       0xaa stm_lpuart.c.o
                0x08009688                MW_LPUART_DeInit
 .text.sys_arch_protect_arm
                0x08009732       0x22 sys_arch_arm.c.o
                0x08009732                sys_arch_protect_arm
 .text.sys_arch_unprotect_arm
                0x08009754       0x20 sys_arch_arm.c.o
                0x08009754                sys_arch_unprotect_arm
 .text.__NVIC_GetPriorityGrouping
                0x08009774       0x1c main.c.o
 .text.__NVIC_EnableIRQ
                0x08009790       0x3c main.c.o
 .text.__NVIC_SetPriority
                0x080097cc       0x54 main.c.o
 .text.NVIC_EncodePriority
                0x08009820       0x66 main.c.o
 *fill*         0x08009886        0x2 
 .text.LL_DMA_SetDataTransferDirection
                0x08009888       0x50 main.c.o
 .text.LL_DMA_SetMode
                0x080098d8       0x4c main.c.o
 .text.LL_DMA_SetPeriphIncMode
                0x08009924       0x4c main.c.o
 .text.LL_DMA_SetMemoryIncMode
                0x08009970       0x4c main.c.o
 .text.LL_DMA_SetPeriphSize
                0x080099bc       0x4c main.c.o
 .text.LL_DMA_SetMemorySize
                0x08009a08       0x4c main.c.o
 .text.LL_DMA_SetChannelPriorityLevel
                0x08009a54       0x4c main.c.o
 .text.LL_DMA_SetPeriphRequest
                0x08009aa0       0x54 main.c.o
 .text.LL_LPUART_Enable
                0x08009af4       0x20 main.c.o
 .text.LL_LPUART_DisableFIFO
                0x08009b14       0x20 main.c.o
 .text.LL_LPUART_SetTXFIFOThreshold
                0x08009b34       0x4e main.c.o
 .text.LL_LPUART_SetRXFIFOThreshold
                0x08009b82       0x4e main.c.o
 .text.LL_LPUART_IsActiveFlag_TEACK
                0x08009bd0       0x28 main.c.o
 .text.LL_LPUART_IsActiveFlag_REACK
                0x08009bf8       0x28 main.c.o
 .text.LL_RCC_HSI_Enable
                0x08009c20       0x20 main.c.o
 .text.LL_RCC_HSI_IsReady
                0x08009c40       0x28 main.c.o
 .text.LL_RCC_HSI_SetCalibTrimming
                0x08009c68       0x2c main.c.o
 .text.LL_RCC_SetSysClkSource
                0x08009c94       0x28 main.c.o
 .text.LL_RCC_GetSysClkSource
                0x08009cbc       0x1c main.c.o
 .text.LL_RCC_SetAHBPrescaler
                0x08009cd8       0x28 main.c.o
 .text.LL_RCC_SetAPB1Prescaler
                0x08009d00       0x28 main.c.o
 .text.LL_RCC_SetAPB2Prescaler
                0x08009d28       0x28 main.c.o
 .text.LL_RCC_SetLPUARTClockSource
                0x08009d50       0x2c main.c.o
 .text.LL_RCC_PLL_Enable
                0x08009d7c       0x20 main.c.o
 .text.LL_RCC_PLL_IsReady
                0x08009d9c       0x28 main.c.o
 .text.LL_RCC_PLL_ConfigDomain_SYS
                0x08009dc4       0x40 main.c.o
 .text.LL_RCC_PLL_EnableDomain_SYS
                0x08009e04       0x20 main.c.o
 .text.LL_AHB1_GRP1_EnableClock
                0x08009e24       0x30 main.c.o
 .text.LL_AHB2_GRP1_EnableClock
                0x08009e54       0x30 main.c.o
 .text.LL_APB1_GRP1_EnableClock
                0x08009e84       0x30 main.c.o
 .text.LL_APB1_GRP2_EnableClock
                0x08009eb4       0x30 main.c.o
 .text.LL_APB2_GRP1_EnableClock
                0x08009ee4       0x30 main.c.o
 .text.LL_FLASH_SetLatency
                0x08009f14       0x28 main.c.o
 .text.LL_FLASH_GetLatency
                0x08009f3c       0x1c main.c.o
 .text.LL_PWR_EnableRange1BoostMode
                0x08009f58       0x24 main.c.o
 .text.LL_TIM_DisableARRPreload
                0x08009f7c       0x20 main.c.o
 .text.LL_TIM_IC_SetActiveInput
                0x08009f9c       0xc0 main.c.o
 .text.LL_TIM_IC_SetPrescaler
                0x0800a05c       0xc0 main.c.o
 .text.LL_TIM_IC_SetFilter
                0x0800a11c       0xc0 main.c.o
 .text.LL_TIM_IC_SetPolarity
                0x0800a1dc       0xac main.c.o
 .text.LL_TIM_SetEncoderMode
                0x0800a288       0x2a main.c.o
 .text.LL_TIM_SetTriggerOutput
                0x0800a2b2       0x2a main.c.o
 .text.LL_TIM_SetTriggerOutput2
                0x0800a2dc       0x26 main.c.o
 .text.LL_TIM_DisableMasterSlaveMode
                0x0800a302       0x20 main.c.o
 *fill*         0x0800a322        0x2 
 .text.SystemClock_Config
                0x0800a324       0xb0 main.c.o
                0x0800a324                SystemClock_Config
 .text.MX_LPUART1_UART_Init
                0x0800a3d4      0x148 main.c.o
                0x0800a3d4                MX_LPUART1_UART_Init
 .text.MX_TIM1_Init
                0x0800a51c      0x12c main.c.o
                0x0800a51c                MX_TIM1_Init
 .text.MX_TIM3_Init
                0x0800a648      0x114 main.c.o
                0x0800a648                MX_TIM3_Init
 .text.MX_TIM4_Init
                0x0800a75c      0x118 main.c.o
                0x0800a75c                MX_TIM4_Init
 .text.MX_DMA_Init
                0x0800a874       0x34 main.c.o
                0x0800a874                MX_DMA_Init
 .text.MX_GPIO_Init
                0x0800a8a8       0x6c main.c.o
                0x0800a8a8                MX_GPIO_Init
 .text.HAL_TIM_PeriodElapsedCallback
                0x0800a914       0x1e main.c.o
                0x0800a914                HAL_TIM_PeriodElapsedCallback
 .text.Error_Handler
                0x0800a932        0xc main.c.o
                0x0800a932                Error_Handler
 .text.NMI_Handler
                0x0800a93e        0x8 stm32g4xx_it.c.o
                0x0800a93e                NMI_Handler
 .text.HardFault_Handler
                0x0800a946        0x8 stm32g4xx_it.c.o
                0x0800a946                HardFault_Handler
 .text.MemManage_Handler
                0x0800a94e        0x8 stm32g4xx_it.c.o
                0x0800a94e                MemManage_Handler
 .text.BusFault_Handler
                0x0800a956        0x8 stm32g4xx_it.c.o
                0x0800a956                BusFault_Handler
 .text.UsageFault_Handler
                0x0800a95e        0x8 stm32g4xx_it.c.o
                0x0800a95e                UsageFault_Handler
 .text.DebugMon_Handler
                0x0800a966        0xe stm32g4xx_it.c.o
                0x0800a966                DebugMon_Handler
 .text.TIM2_IRQHandler
                0x0800a974       0x14 stm32g4xx_it.c.o
                0x0800a974                TIM2_IRQHandler
 .text.HAL_MspInit
                0x0800a988       0x48 stm32g4xx_hal_msp.c.o
                0x0800a988                HAL_MspInit
 .text.HAL_InitTick
                0x0800a9d0       0xd8 stm32g4xx_hal_timebase_tim.c.o
                0x0800a9d0                HAL_InitTick
 .text.LL_SetSystemCoreClock
                0x0800aaa8       0x20 stm32g4xx_ll_utils.c.o
                0x0800aaa8                LL_SetSystemCoreClock
 .text.HAL_TIM_Base_Init
                0x0800aac8       0xae stm32g4xx_hal_tim.c.o
                0x0800aac8                HAL_TIM_Base_Init
 .text.HAL_TIM_Base_MspInit
                0x0800ab76       0x14 stm32g4xx_hal_tim.c.o
                0x0800ab76                HAL_TIM_Base_MspInit
 *fill*         0x0800ab8a        0x2 
 .text.HAL_TIM_Base_Start_IT
                0x0800ab8c       0xf0 stm32g4xx_hal_tim.c.o
                0x0800ab8c                HAL_TIM_Base_Start_IT
 .text.HAL_TIM_IRQHandler
                0x0800ac7c      0x29e stm32g4xx_hal_tim.c.o
                0x0800ac7c                HAL_TIM_IRQHandler
 .text.HAL_TIM_OC_DelayElapsedCallback
                0x0800af1a       0x14 stm32g4xx_hal_tim.c.o
                0x0800af1a                HAL_TIM_OC_DelayElapsedCallback
 .text.HAL_TIM_IC_CaptureCallback
                0x0800af2e       0x14 stm32g4xx_hal_tim.c.o
                0x0800af2e                HAL_TIM_IC_CaptureCallback
 .text.HAL_TIM_PWM_PulseFinishedCallback
                0x0800af42       0x14 stm32g4xx_hal_tim.c.o
                0x0800af42                HAL_TIM_PWM_PulseFinishedCallback
 .text.HAL_TIM_TriggerCallback
                0x0800af56       0x14 stm32g4xx_hal_tim.c.o
                0x0800af56                HAL_TIM_TriggerCallback
 *fill*         0x0800af6a        0x2 
 .text.TIM_Base_SetConfig
                0x0800af6c      0x168 stm32g4xx_hal_tim.c.o
                0x0800af6c                TIM_Base_SetConfig
 .text.HAL_TIMEx_CommutCallback
                0x0800b0d4       0x14 stm32g4xx_hal_tim_ex.c.o
                0x0800b0d4                HAL_TIMEx_CommutCallback
 .text.HAL_TIMEx_BreakCallback
                0x0800b0e8       0x14 stm32g4xx_hal_tim_ex.c.o
                0x0800b0e8                HAL_TIMEx_BreakCallback
 .text.HAL_TIMEx_Break2Callback
                0x0800b0fc       0x14 stm32g4xx_hal_tim_ex.c.o
                0x0800b0fc                HAL_TIMEx_Break2Callback
 .text.HAL_TIMEx_EncoderIndexCallback
                0x0800b110       0x14 stm32g4xx_hal_tim_ex.c.o
                0x0800b110                HAL_TIMEx_EncoderIndexCallback
 .text.HAL_TIMEx_DirectionChangeCallback
                0x0800b124       0x14 stm32g4xx_hal_tim_ex.c.o
                0x0800b124                HAL_TIMEx_DirectionChangeCallback
 .text.HAL_TIMEx_IndexErrorCallback
                0x0800b138       0x14 stm32g4xx_hal_tim_ex.c.o
                0x0800b138                HAL_TIMEx_IndexErrorCallback
 .text.HAL_TIMEx_TransitionErrorCallback
                0x0800b14c       0x14 stm32g4xx_hal_tim_ex.c.o
                0x0800b14c                HAL_TIMEx_TransitionErrorCallback
 .text.LL_GPIO_SetPinMode
                0x0800b160       0x7a stm32g4xx_ll_gpio.c.o
 .text.LL_GPIO_SetPinOutputType
                0x0800b1da       0x30 stm32g4xx_ll_gpio.c.o
 .text.LL_GPIO_SetPinSpeed
                0x0800b20a       0x7a stm32g4xx_ll_gpio.c.o
 .text.LL_GPIO_SetPinPull
                0x0800b284       0x7a stm32g4xx_ll_gpio.c.o
 .text.LL_GPIO_SetAFPin_0_7
                0x0800b2fe       0x7a stm32g4xx_ll_gpio.c.o
 .text.LL_GPIO_SetAFPin_8_15
                0x0800b378       0x7e stm32g4xx_ll_gpio.c.o
 .text.LL_GPIO_Init
                0x0800b3f6       0xdc stm32g4xx_ll_gpio.c.o
                0x0800b3f6                LL_GPIO_Init
 .text.LL_LPUART_IsEnabled
                0x0800b4d2       0x26 stm32g4xx_ll_lpuart.c.o
 .text.LL_LPUART_SetPrescaler
                0x0800b4f8       0x28 stm32g4xx_ll_lpuart.c.o
 .text.LL_LPUART_SetStopBitsLength
                0x0800b520       0x26 stm32g4xx_ll_lpuart.c.o
 .text.LL_LPUART_SetHWFlowCtrl
                0x0800b546       0x26 stm32g4xx_ll_lpuart.c.o
 .text.LL_LPUART_SetBaudRate
                0x0800b56c       0x98 stm32g4xx_ll_lpuart.c.o
 .text.LL_LPUART_Init
                0x0800b604       0x98 stm32g4xx_ll_lpuart.c.o
                0x0800b604                LL_LPUART_Init
 .text.LL_RCC_HSI_IsReady
                0x0800b69c       0x28 stm32g4xx_ll_rcc.c.o
 .text.LL_RCC_LSE_IsReady
                0x0800b6c4       0x28 stm32g4xx_ll_rcc.c.o
 .text.LL_RCC_GetSysClkSource
                0x0800b6ec       0x1c stm32g4xx_ll_rcc.c.o
 .text.LL_RCC_GetAHBPrescaler
                0x0800b708       0x1c stm32g4xx_ll_rcc.c.o
 .text.LL_RCC_GetAPB1Prescaler
                0x0800b724       0x1c stm32g4xx_ll_rcc.c.o
 .text.LL_RCC_GetLPUARTClockSource
                0x0800b740       0x24 stm32g4xx_ll_rcc.c.o
 .text.LL_RCC_PLL_GetMainSource
                0x0800b764       0x1c stm32g4xx_ll_rcc.c.o
 .text.LL_RCC_PLL_GetN
                0x0800b780       0x1c stm32g4xx_ll_rcc.c.o
 .text.LL_RCC_PLL_GetR
                0x0800b79c       0x1c stm32g4xx_ll_rcc.c.o
 .text.LL_RCC_PLL_GetDivider
                0x0800b7b8       0x1c stm32g4xx_ll_rcc.c.o
 .text.LL_RCC_GetLPUARTClockFreq
                0x0800b7d4       0x84 stm32g4xx_ll_rcc.c.o
                0x0800b7d4                LL_RCC_GetLPUARTClockFreq
 .text.RCC_GetSystemClockFreq
                0x0800b858       0x4c stm32g4xx_ll_rcc.c.o
 .text.RCC_GetHCLKClockFreq
                0x0800b8a4       0x30 stm32g4xx_ll_rcc.c.o
 .text.RCC_GetPCLK1ClockFreq
                0x0800b8d4       0x2c stm32g4xx_ll_rcc.c.o
 .text.RCC_PLL_GetFreqDomain_SYS
                0x0800b900       0x68 stm32g4xx_ll_rcc.c.o
 .text.HAL_Init
                0x0800b968       0x30 stm32g4xx_hal.c.o
                0x0800b968                HAL_Init
 .text.HAL_IncTick
                0x0800b998       0x24 stm32g4xx_hal.c.o
                0x0800b998                HAL_IncTick
 .text.HAL_GetTick
                0x0800b9bc       0x18 stm32g4xx_hal.c.o
                0x0800b9bc                HAL_GetTick
 .text.HAL_RCC_GetHCLKFreq
                0x0800b9d4       0x18 stm32g4xx_hal_rcc.c.o
                0x0800b9d4                HAL_RCC_GetHCLKFreq
 .text.HAL_RCC_GetPCLK1Freq
                0x0800b9ec       0x2c stm32g4xx_hal_rcc.c.o
                0x0800b9ec                HAL_RCC_GetPCLK1Freq
 .text.HAL_RCC_GetClockConfig
                0x0800ba18       0x64 stm32g4xx_hal_rcc.c.o
                0x0800ba18                HAL_RCC_GetClockConfig
 .text.HAL_PWREx_DisableUCPDDeadBattery
                0x0800ba7c       0x20 stm32g4xx_hal_pwr_ex.c.o
                0x0800ba7c                HAL_PWREx_DisableUCPDDeadBattery
 .text.__NVIC_SetPriorityGrouping
                0x0800ba9c       0x48 stm32g4xx_hal_cortex.c.o
 .text.__NVIC_GetPriorityGrouping
                0x0800bae4       0x1c stm32g4xx_hal_cortex.c.o
 .text.__NVIC_EnableIRQ
                0x0800bb00       0x3c stm32g4xx_hal_cortex.c.o
 .text.__NVIC_SetPriority
                0x0800bb3c       0x54 stm32g4xx_hal_cortex.c.o
 .text.NVIC_EncodePriority
                0x0800bb90       0x66 stm32g4xx_hal_cortex.c.o
 .text.HAL_NVIC_SetPriorityGrouping
                0x0800bbf6       0x16 stm32g4xx_hal_cortex.c.o
                0x0800bbf6                HAL_NVIC_SetPriorityGrouping
 .text.HAL_NVIC_SetPriority
                0x0800bc0c       0x34 stm32g4xx_hal_cortex.c.o
                0x0800bc0c                HAL_NVIC_SetPriority
 .text.HAL_NVIC_EnableIRQ
                0x0800bc40       0x1c stm32g4xx_hal_cortex.c.o
                0x0800bc40                HAL_NVIC_EnableIRQ
 .text.LL_TIM_SetPrescaler
                0x0800bc5c       0x1c stm32g4xx_ll_tim.c.o
 .text.LL_TIM_SetAutoReload
                0x0800bc78       0x1c stm32g4xx_ll_tim.c.o
 .text.LL_TIM_SetRepetitionCounter
                0x0800bc94       0x1c stm32g4xx_ll_tim.c.o
 .text.LL_TIM_GenerateEvent_UPDATE
                0x0800bcb0       0x20 stm32g4xx_ll_tim.c.o
 .text.LL_TIM_Init
                0x0800bcd0      0x144 stm32g4xx_ll_tim.c.o
                0x0800bcd0                LL_TIM_Init
 .text.SystemInit
                0x0800be14       0x24 system_stm32g4xx.c.o
                0x0800be14                SystemInit
 .text.Reset_Handler
                0x0800be38       0x50 startup_stm32g474retx.s.o
                0x0800be38                Reset_Handler
 .text.Default_Handler
                0x0800be88        0x2 startup_stm32g474retx.s.o
                0x0800be88                RTC_Alarm_IRQHandler
                0x0800be88                EXTI2_IRQHandler
                0x0800be88                TIM8_TRG_COM_IRQHandler
                0x0800be88                TIM8_CC_IRQHandler
                0x0800be88                HRTIM1_Master_IRQHandler
                0x0800be88                SPI4_IRQHandler
                0x0800be88                FDCAN3_IT0_IRQHandler
                0x0800be88                TIM1_CC_IRQHandler
                0x0800be88                HRTIM1_FLT_IRQHandler
                0x0800be88                HRTIM1_TIMF_IRQHandler
                0x0800be88                USB_HP_IRQHandler
                0x0800be88                CORDIC_IRQHandler
                0x0800be88                HRTIM1_TIMD_IRQHandler
                0x0800be88                DMA2_Channel8_IRQHandler
                0x0800be88                EXTI3_IRQHandler
                0x0800be88                I2C3_ER_IRQHandler
                0x0800be88                EXTI0_IRQHandler
                0x0800be88                I2C2_EV_IRQHandler
                0x0800be88                FPU_IRQHandler
                0x0800be88                FDCAN1_IT1_IRQHandler
                0x0800be88                TIM1_UP_TIM16_IRQHandler
                0x0800be88                ADC1_2_IRQHandler
                0x0800be88                HRTIM1_TIME_IRQHandler
                0x0800be88                SPI1_IRQHandler
                0x0800be88                TIM6_DAC_IRQHandler
                0x0800be88                HRTIM1_TIMC_IRQHandler
                0x0800be88                TIM8_UP_IRQHandler
                0x0800be88                DMA2_Channel2_IRQHandler
                0x0800be88                DMA1_Channel4_IRQHandler
                0x0800be88                TIM20_TRG_COM_IRQHandler
                0x0800be88                USART3_IRQHandler
                0x0800be88                DMA1_Channel7_IRQHandler
                0x0800be88                UART5_IRQHandler
                0x0800be88                ADC3_IRQHandler
                0x0800be88                TIM4_IRQHandler
                0x0800be88                DMA2_Channel1_IRQHandler
                0x0800be88                QUADSPI_IRQHandler
                0x0800be88                I2C1_EV_IRQHandler
                0x0800be88                DMA1_Channel6_IRQHandler
                0x0800be88                UART4_IRQHandler
                0x0800be88                DMA2_Channel4_IRQHandler
                0x0800be88                TIM3_IRQHandler
                0x0800be88                RCC_IRQHandler
                0x0800be88                TIM20_UP_IRQHandler
                0x0800be88                Default_Handler
                0x0800be88                DMA2_Channel7_IRQHandler
                0x0800be88                RTC_TAMP_LSECSS_IRQHandler
                0x0800be88                FMAC_IRQHandler
                0x0800be88                EXTI15_10_IRQHandler
                0x0800be88                DMA1_Channel8_IRQHandler
                0x0800be88                HRTIM1_TIMA_IRQHandler
                0x0800be88                TIM7_DAC_IRQHandler
                0x0800be88                FDCAN3_IT1_IRQHandler
                0x0800be88                TIM5_IRQHandler
                0x0800be88                UCPD1_IRQHandler
                0x0800be88                I2C3_EV_IRQHandler
                0x0800be88                EXTI9_5_IRQHandler
                0x0800be88                RTC_WKUP_IRQHandler
                0x0800be88                PVD_PVM_IRQHandler
                0x0800be88                SPI2_IRQHandler
                0x0800be88                ADC5_IRQHandler
                0x0800be88                DMA2_Channel5_IRQHandler
                0x0800be88                CRS_IRQHandler
                0x0800be88                DMA1_Channel5_IRQHandler
                0x0800be88                USB_LP_IRQHandler
                0x0800be88                EXTI4_IRQHandler
                0x0800be88                RNG_IRQHandler
                0x0800be88                HRTIM1_TIMB_IRQHandler
                0x0800be88                TIM1_TRG_COM_TIM17_IRQHandler
                0x0800be88                FDCAN2_IT1_IRQHandler
                0x0800be88                DMA1_Channel3_IRQHandler
                0x0800be88                ADC4_IRQHandler
                0x0800be88                WWDG_IRQHandler
                0x0800be88                I2C4_EV_IRQHandler
                0x0800be88                FDCAN2_IT0_IRQHandler
                0x0800be88                DMA2_Channel6_IRQHandler
                0x0800be88                FDCAN1_IT0_IRQHandler
                0x0800be88                COMP7_IRQHandler
                0x0800be88                COMP1_2_3_IRQHandler
                0x0800be88                EXTI1_IRQHandler
                0x0800be88                USART2_IRQHandler
                0x0800be88                COMP4_5_6_IRQHandler
                0x0800be88                TIM20_BRK_IRQHandler
                0x0800be88                I2C2_ER_IRQHandler
                0x0800be88                DMA1_Channel2_IRQHandler
                0x0800be88                TIM8_BRK_IRQHandler
                0x0800be88                FLASH_IRQHandler
                0x0800be88                TIM20_CC_IRQHandler
                0x0800be88                USART1_IRQHandler
                0x0800be88                SPI3_IRQHandler
                0x0800be88                I2C1_ER_IRQHandler
                0x0800be88                FMC_IRQHandler
                0x0800be88                LPTIM1_IRQHandler
                0x0800be88                DMAMUX_OVR_IRQHandler
                0x0800be88                I2C4_ER_IRQHandler
                0x0800be88                USBWakeUp_IRQHandler
                0x0800be88                SAI1_IRQHandler
                0x0800be88                DMA2_Channel3_IRQHandler
                0x0800be88                TIM1_BRK_TIM15_IRQHandler
 .text.LL_TIM_GetCounterMode
                0x0800be8a       0x30 stm_timer_ll.c.o
 .text.LL_TIM_GetCounter
                0x0800beba       0x18 stm_timer_ll.c.o
 .text.LL_TIM_GetRepetitionCounter
                0x0800bed2       0x18 stm_timer_ll.c.o
 .text.LL_TIM_CC_EnableChannel
                0x0800beea       0x22 stm_timer_ll.c.o
 .text.LL_TIM_CC_DisableChannel
                0x0800bf0c       0x24 stm_timer_ll.c.o
 .text.LL_TIM_EnableAllOutputs
                0x0800bf30       0x20 stm_timer_ll.c.o
 .text.LL_TIM_IsActiveFlag_IDX
                0x0800bf50       0x28 stm_timer_ll.c.o
 .text.LL_TIM_EnableIT_UPDATE
                0x0800bf78       0x20 stm_timer_ll.c.o
 .text.LL_TIM_DisableIT_UPDATE
                0x0800bf98       0x20 stm_timer_ll.c.o
 .text.LL_TIM_IsEnabledIT_UPDATE
                0x0800bfb8       0x26 stm_timer_ll.c.o
 .text.LL_TIM_EnableIT_CC1
                0x0800bfde       0x20 stm_timer_ll.c.o
 .text.LL_TIM_DisableIT_CC1
                0x0800bffe       0x20 stm_timer_ll.c.o
 .text.LL_TIM_IsEnabledIT_CC1
                0x0800c01e       0x26 stm_timer_ll.c.o
 .text.LL_TIM_EnableIT_CC2
                0x0800c044       0x20 stm_timer_ll.c.o
 .text.LL_TIM_DisableIT_CC2
                0x0800c064       0x20 stm_timer_ll.c.o
 .text.LL_TIM_IsEnabledIT_CC2
                0x0800c084       0x26 stm_timer_ll.c.o
 .text.LL_TIM_EnableIT_CC3
                0x0800c0aa       0x20 stm_timer_ll.c.o
 .text.LL_TIM_DisableIT_CC3
                0x0800c0ca       0x20 stm_timer_ll.c.o
 .text.LL_TIM_IsEnabledIT_CC3
                0x0800c0ea       0x26 stm_timer_ll.c.o
 .text.LL_TIM_EnableIT_CC4
                0x0800c110       0x20 stm_timer_ll.c.o
 .text.LL_TIM_DisableIT_CC4
                0x0800c130       0x20 stm_timer_ll.c.o
 .text.LL_TIM_IsEnabledIT_CC4
                0x0800c150       0x26 stm_timer_ll.c.o
 .text.LL_TIM_EnableIT_COM
                0x0800c176       0x20 stm_timer_ll.c.o
 .text.LL_TIM_DisableIT_COM
                0x0800c196       0x20 stm_timer_ll.c.o
 .text.LL_TIM_IsEnabledIT_COM
                0x0800c1b6       0x26 stm_timer_ll.c.o
 .text.LL_TIM_EnableIT_TRIG
                0x0800c1dc       0x20 stm_timer_ll.c.o
 .text.LL_TIM_DisableIT_TRIG
                0x0800c1fc       0x20 stm_timer_ll.c.o
 .text.LL_TIM_IsEnabledIT_TRIG
                0x0800c21c       0x26 stm_timer_ll.c.o
 .text.LL_TIM_EnableIT_BRK
                0x0800c242       0x20 stm_timer_ll.c.o
 .text.LL_TIM_DisableIT_BRK
                0x0800c262       0x20 stm_timer_ll.c.o
 .text.LL_TIM_IsEnabledIT_BRK
                0x0800c282       0x26 stm_timer_ll.c.o
 .text.LL_TIM_EnableIT_TERR
                0x0800c2a8       0x20 stm_timer_ll.c.o
 .text.LL_TIM_DisableIT_TERR
                0x0800c2c8       0x20 stm_timer_ll.c.o
 .text.LL_TIM_IsEnabledIT_TERR
                0x0800c2e8       0x28 stm_timer_ll.c.o
 .text.LL_TIM_EnableIT_IERR
                0x0800c310       0x20 stm_timer_ll.c.o
 .text.LL_TIM_DisableIT_IERR
                0x0800c330       0x20 stm_timer_ll.c.o
 .text.LL_TIM_IsEnabledIT_IERR
                0x0800c350       0x28 stm_timer_ll.c.o
 .text.LL_TIM_EnableIT_DIR
                0x0800c378       0x20 stm_timer_ll.c.o
 .text.LL_TIM_DisableIT_DIR
                0x0800c398       0x20 stm_timer_ll.c.o
 .text.LL_TIM_IsEnabledIT_DIR
                0x0800c3b8       0x28 stm_timer_ll.c.o
 .text.LL_TIM_EnableIT_IDX
                0x0800c3e0       0x20 stm_timer_ll.c.o
 .text.LL_TIM_DisableIT_IDX
                0x0800c400       0x20 stm_timer_ll.c.o
 .text.LL_TIM_IsEnabledIT_IDX
                0x0800c420       0x28 stm_timer_ll.c.o
 .text.TIM_IsActiveFlagIDX
                0x0800c448       0x34 stm_timer_ll.c.o
                0x0800c448                TIM_IsActiveFlagIDX
 .text.enableTimerInterrupts
                0x0800c47c      0x1c4 stm_timer_ll.c.o
                0x0800c47c                enableTimerInterrupts
 .text.disableTimerInterrupts
                0x0800c640      0x1c4 stm_timer_ll.c.o
                0x0800c640                disableTimerInterrupts
 .text.enableTimerChannel1
                0x0800c804       0xb0 stm_timer_ll.c.o
                0x0800c804                enableTimerChannel1
 .text.disableTimerChannel1
                0x0800c8b4       0xb0 stm_timer_ll.c.o
                0x0800c8b4                disableTimerChannel1
 .text.enableTimerChannel2
                0x0800c964       0xb0 stm_timer_ll.c.o
                0x0800c964                enableTimerChannel2
 .text.disableTimerChannel2
                0x0800ca14       0xb0 stm_timer_ll.c.o
                0x0800ca14                disableTimerChannel2
 .text.Timer_Handle_Init
                0x0800cac4      0x140 stm_timer_ll.c.o
                0x0800cac4                Timer_Handle_Init
 .text.getTimerCounterValueForG4
                0x0800cc04       0x64 stm_timer_ll.c.o
                0x0800cc04                getTimerCounterValueForG4
 .text.fmod     0x0800cc68       0x6c C:/ProgramData/MATLAB/SupportPackages/R2025b/3P.instrset/gnuarm-armcortex.instrset/win/bin/../lib/gcc/arm-none-eabi/13.2.1/thumb/v7e-m+fp/hard\libm.a(libm_a-w_fmod.o)
                0x0800cc68                fmod
 .text.__ieee754_fmod
                0x0800ccd4      0x30c C:/ProgramData/MATLAB/SupportPackages/R2025b/3P.instrset/gnuarm-armcortex.instrset/win/bin/../lib/gcc/arm-none-eabi/13.2.1/thumb/v7e-m+fp/hard\libm.a(libm_a-e_fmod.o)
                0x0800ccd4                __ieee754_fmod
 .text.__udivmoddi4
                0x0800cfe0      0x2bc C:/ProgramData/MATLAB/SupportPackages/R2025b/3P.instrset/gnuarm-armcortex.instrset/win/bin/../lib/gcc/arm-none-eabi/13.2.1/thumb/v7e-m+fp/hard\libgcc.a(_udivmoddi4.o)
                0x0800cfe0                __udivmoddi4
 .text.memset   0x0800d29c       0x10 C:/ProgramData/MATLAB/SupportPackages/R2025b/3P.instrset/gnuarm-armcortex.instrset/win/bin/../lib/gcc/arm-none-eabi/13.2.1/thumb/v7e-m+fp/hard\libg_nano.a(libc_a-memset.o)
                0x0800d29c                memset
 .text.__errno  0x0800d2ac        0xc C:/ProgramData/MATLAB/SupportPackages/R2025b/3P.instrset/gnuarm-armcortex.instrset/win/bin/../lib/gcc/arm-none-eabi/13.2.1/thumb/v7e-m+fp/hard\libg_nano.a(libc_a-errno.o)
                0x0800d2ac                __errno
 .text.__libc_init_array
                0x0800d2b8       0x48 C:/ProgramData/MATLAB/SupportPackages/R2025b/3P.instrset/gnuarm-armcortex.instrset/win/bin/../lib/gcc/arm-none-eabi/13.2.1/thumb/v7e-m+fp/hard\libg_nano.a(libc_a-init.o)
                0x0800d2b8                __libc_init_array
 .text.memcpy   0x0800d300       0x1c C:/ProgramData/MATLAB/SupportPackages/R2025b/3P.instrset/gnuarm-armcortex.instrset/win/bin/../lib/gcc/arm-none-eabi/13.2.1/thumb/v7e-m+fp/hard\libg_nano.a(libc_a-memcpy-stub.o)
                0x0800d300                memcpy
 *(.glue_7)
 .glue_7        0x0800d31c        0x0 linker stubs
 *(.glue_7t)
 .glue_7t       0x0800d31c        0x0 linker stubs
 *(.eh_frame)
 .eh_frame      0x0800d31c        0x0 C:/ProgramData/MATLAB/SupportPackages/R2025b/3P.instrset/gnuarm-armcortex.instrset/win/bin/../lib/gcc/arm-none-eabi/13.2.1/thumb/v7e-m+fp/hard/crtbegin.o
 *(.init)
 .init          0x0800d31c        0x4 C:/ProgramData/MATLAB/SupportPackages/R2025b/3P.instrset/gnuarm-armcortex.instrset/win/bin/../lib/gcc/arm-none-eabi/13.2.1/thumb/v7e-m+fp/hard/crti.o
                0x0800d31c                _init
 .init          0x0800d320        0x8 C:/ProgramData/MATLAB/SupportPackages/R2025b/3P.instrset/gnuarm-armcortex.instrset/win/bin/../lib/gcc/arm-none-eabi/13.2.1/thumb/v7e-m+fp/hard/crtn.o
 *(.fini)
 .fini          0x0800d328        0x4 C:/ProgramData/MATLAB/SupportPackages/R2025b/3P.instrset/gnuarm-armcortex.instrset/win/bin/../lib/gcc/arm-none-eabi/13.2.1/thumb/v7e-m+fp/hard/crti.o
                0x0800d328                _fini
 .fini          0x0800d32c        0x8 C:/ProgramData/MATLAB/SupportPackages/R2025b/3P.instrset/gnuarm-armcortex.instrset/win/bin/../lib/gcc/arm-none-eabi/13.2.1/thumb/v7e-m+fp/hard/crtn.o
                0x0800d334                        . = ALIGN (0x4)
                0x0800d334                        _etext = .

.vfp11_veneer   0x0800d334        0x0
 .vfp11_veneer  0x0800d334        0x0 linker stubs

.v4_bx          0x0800d334        0x0
 .v4_bx         0x0800d334        0x0 linker stubs

.iplt           0x0800d334        0x0
 .iplt          0x0800d334        0x0 C:/ProgramData/MATLAB/SupportPackages/R2025b/3P.instrset/gnuarm-armcortex.instrset/win/bin/../lib/gcc/arm-none-eabi/13.2.1/thumb/v7e-m+fp/hard/crtbegin.o

.rodata         0x0800d338     0x2a28
                0x0800d338                        . = ALIGN (0x4)
 *(.rodata)
 .rodata        0x0800d338      0x2b9 xcp_ext_mode.c.o
 *fill*         0x0800d5f1        0x3 
 .rodata        0x0800d5f4       0x12 Encoder_reader_simulink.c.o
 *fill*         0x0800d606        0x2 
 .rodata        0x0800d608      0x12e xcp_ext_common.c.o
 *fill*         0x0800d736        0x2 
 .rodata        0x0800d738       0x4c xcp_ext_classic_trigger.c.o
 .rodata        0x0800d784      0x278 xcp.c.o
 .rodata        0x0800d9fc      0x3a9 xcp_standard.c.o
 *fill*         0x0800dda5        0x3 
 .rodata        0x0800dda8     0x1010 xcp_daq.c.o
 .rodata        0x0800edb8       0xdd xcp_calibration.c.o
 *fill*         0x0800ee95        0x3 
 .rodata        0x0800ee98      0x56e xcp_transport.c.o
 *fill*         0x0800f406        0x2 
 .rodata        0x0800f408       0xf5 xcp_mem_default.c.o
 *fill*         0x0800f4fd        0x3 
 .rodata        0x0800f500      0x228 xcp_drv_rtiostream.c.o
 .rodata        0x0800f728      0x4aa xcp_frame_serial.c.o
 *(.rodata*)
 *fill*         0x0800fbd2        0x2 
 .rodata.Encoder_reader_simulink_M
                0x0800fbd4        0x4 Encoder_reader_simulink.c.o
                0x0800fbd4                Encoder_reader_simulink_M
 .rodata.rtAlwaysEnabled.0
                0x0800fbd8        0x1 Encoder_reader_simulink.c.o
 *fill*         0x0800fbd9        0x3 
 .rodata.standardSupportedRxPacket
                0x0800fbdc       0x54 xcp_standard.c.o
 .rodata.daqSupportedRxPacket
                0x0800fc30       0x9c xcp_daq.c.o
 .rodata.calibrationSupportedRxPacket
                0x0800fccc       0x18 xcp_calibration.c.o
 .rodata.CHANNEL_OFFSET_TAB
                0x0800fce4        0x8 stm_usart.c.o
 .rodata.CHANNEL_OFFSET_TAB
                0x0800fcec        0x8 stm_lpuart.c.o
 .rodata.CHANNEL_OFFSET_TAB
                0x0800fcf4        0x8 main.c.o
 .rodata.OFFSET_TAB_CCMRx
                0x0800fcfc        0xa main.c.o
 *fill*         0x0800fd06        0x2 
 .rodata.SHIFT_TAB_ICxx
                0x0800fd08        0xa main.c.o
 *fill*         0x0800fd12        0x2 
 .rodata.SHIFT_TAB_CCxP
                0x0800fd14        0xa main.c.o
 *fill*         0x0800fd1e        0x2 
 .rodata.LPUART_PRESCALER_TAB
                0x0800fd20       0x18 stm32g4xx_ll_lpuart.c.o
 .rodata.AHBPrescTable
                0x0800fd38       0x10 system_stm32g4xx.c.o
                0x0800fd38                AHBPrescTable
 .rodata.APBPrescTable
                0x0800fd48        0x8 system_stm32g4xx.c.o
                0x0800fd48                APBPrescTable
 .rodata.Zero   0x0800fd50       0x10 C:/ProgramData/MATLAB/SupportPackages/R2025b/3P.instrset/gnuarm-armcortex.instrset/win/bin/../lib/gcc/arm-none-eabi/13.2.1/thumb/v7e-m+fp/hard\libm.a(libm_a-e_fmod.o)
                0x0800fd60                        . = ALIGN (0x4)

.ARM.extab      0x0800fd60        0x0
                0x0800fd60                        . = ALIGN (0x4)
 *(.ARM.extab* .gnu.linkonce.armextab.*)
                0x0800fd60                        . = ALIGN (0x4)

.ARM            0x0800fd60        0x8
                0x0800fd60                        . = ALIGN (0x4)
                0x0800fd60                        __exidx_start = .
 *(.ARM.exidx*)
 .ARM.exidx.text.__udivmoddi4
                0x0800fd60        0x8 C:/ProgramData/MATLAB/SupportPackages/R2025b/3P.instrset/gnuarm-armcortex.instrset/win/bin/../lib/gcc/arm-none-eabi/13.2.1/thumb/v7e-m+fp/hard\libgcc.a(_udivmoddi4.o)
                0x0800fd68                        __exidx_end = .
                0x0800fd68                        . = ALIGN (0x4)

.preinit_array  0x0800fd68        0x0
                0x0800fd68                        . = ALIGN (0x4)
                0x0800fd68                        PROVIDE (__preinit_array_start = .)
 *(.preinit_array*)
                0x0800fd68                        PROVIDE (__preinit_array_end = .)
                0x0800fd68                        . = ALIGN (0x4)

.init_array     0x0800fd68        0x4
                0x0800fd68                        . = ALIGN (0x4)
                0x0800fd68                        PROVIDE (__init_array_start = .)
 *(SORT_BY_NAME(.init_array.*))
 *(.init_array*)
 .init_array    0x0800fd68        0x4 C:/ProgramData/MATLAB/SupportPackages/R2025b/3P.instrset/gnuarm-armcortex.instrset/win/bin/../lib/gcc/arm-none-eabi/13.2.1/thumb/v7e-m+fp/hard/crtbegin.o
                0x0800fd6c                        PROVIDE (__init_array_end = .)
                0x0800fd6c                        . = ALIGN (0x4)

.fini_array     0x0800fd6c        0x4
                0x0800fd6c                        . = ALIGN (0x4)
                [!provide]                        PROVIDE (__fini_array_start = .)
 *(SORT_BY_NAME(.fini_array.*))
 *(.fini_array*)
 .fini_array    0x0800fd6c        0x4 C:/ProgramData/MATLAB/SupportPackages/R2025b/3P.instrset/gnuarm-armcortex.instrset/win/bin/../lib/gcc/arm-none-eabi/13.2.1/thumb/v7e-m+fp/hard/crtbegin.o
                [!provide]                        PROVIDE (__fini_array_end = .)
                0x0800fd70                        . = ALIGN (0x4)
                0x0800fd70                        _sidata = LOADADDR (.data)

.rel.dyn        0x0800fd70        0x0
 .rel.iplt      0x0800fd70        0x0 C:/ProgramData/MATLAB/SupportPackages/R2025b/3P.instrset/gnuarm-armcortex.instrset/win/bin/../lib/gcc/arm-none-eabi/13.2.1/thumb/v7e-m+fp/hard/crtbegin.o

.data           0x20000000       0xec load address 0x0800fd70
                0x20000000                        . = ALIGN (0x4)
                0x20000000                        _sdata = .
 *(.data)
 *(.data*)
 .data.rtInf    0x20000000        0x8 rt_nonfinite.c.o
                0x20000000                rtInf
 .data.xcpExtmodeFinalSimulationTime
                0x20000008        0x8 xcp_ext_common.c.o
                0x20000008                xcpExtmodeFinalSimulationTime
 .data.xcpClassicTriggerDuration
                0x20000010        0x4 xcp_ext_classic_trigger.c.o
                0x20000010                xcpClassicTriggerDuration
 .data.xcpClassicTriggerArmRequest
                0x20000014        0x1 xcp_ext_classic_trigger.c.o
                0x20000014                xcpClassicTriggerArmRequest
 *fill*         0x20000015        0x3 
 .data.startStopDaqListId
                0x20000018        0x4 xcp_daq.c.o
 .data.xcpCurrentDaq
                0x2000001c        0x4 xcp_daq.c.o
 .data.xcpEventCustomMemoryManager
                0x20000020        0xc xcp_daq.c.o
 .data.xcpCtoReservedMemPoolId
                0x2000002c        0x4 xcp_transport.c.o
 .data.xcpMemMainBlockSizes
                0x20000030        0xc xcp_mem_default.c.o
 .data.xcpMemMainBlocksNumber
                0x2000003c        0xc xcp_mem_default.c.o
 .data.drvID    0x20000048        0x4 xcp_drv_rtiostream.c.o
 .data.xcpCtoReservedMemPoolId
                0x2000004c        0x4 xcp_frame_serial.c.o
 .data.uartObj  0x20000050       0x40 rtiostream_serial.c.o
                0x20000050                uartObj
 .data.uwTickPrio
                0x20000090        0x4 stm32g4xx_hal.c.o
                0x20000090                uwTickPrio
 .data.uwTickFreq
                0x20000094        0x4 stm32g4xx_hal.c.o
                0x20000094                uwTickFreq
 .data.SystemCoreClock
                0x20000098        0x4 system_stm32g4xx.c.o
                0x20000098                SystemCoreClock
 .data._impure_ptr
                0x2000009c        0x4 C:/ProgramData/MATLAB/SupportPackages/R2025b/3P.instrset/gnuarm-armcortex.instrset/win/bin/../lib/gcc/arm-none-eabi/13.2.1/thumb/v7e-m+fp/hard\libg_nano.a(libc_a-impure.o)
                0x2000009c                _impure_ptr
 .data._impure_data
                0x200000a0       0x4c C:/ProgramData/MATLAB/SupportPackages/R2025b/3P.instrset/gnuarm-armcortex.instrset/win/bin/../lib/gcc/arm-none-eabi/13.2.1/thumb/v7e-m+fp/hard\libg_nano.a(libc_a-impure.o)
                0x200000a0                _impure_data
 *(.RamFunc)
 *(.RamFunc*)
                0x200000ec                        . = ALIGN (0x4)
                0x200000ec                        _edata = .

.tm_clone_table
                0x200000ec        0x0 load address 0x0800fe5c
 .tm_clone_table
                0x200000ec        0x0 C:/ProgramData/MATLAB/SupportPackages/R2025b/3P.instrset/gnuarm-armcortex.instrset/win/bin/../lib/gcc/arm-none-eabi/13.2.1/thumb/v7e-m+fp/hard/crtbegin.o
 .tm_clone_table
                0x200000ec        0x0 C:/ProgramData/MATLAB/SupportPackages/R2025b/3P.instrset/gnuarm-armcortex.instrset/win/bin/../lib/gcc/arm-none-eabi/13.2.1/thumb/v7e-m+fp/hard/crtend.o

.igot.plt       0x200000ec        0x0 load address 0x0800fe5c
 .igot.plt      0x200000ec        0x0 C:/ProgramData/MATLAB/SupportPackages/R2025b/3P.instrset/gnuarm-armcortex.instrset/win/bin/../lib/gcc/arm-none-eabi/13.2.1/thumb/v7e-m+fp/hard/crtbegin.o
                0x200000ec                        . = ALIGN (0x4)

.bss            0x200000f0     0x160c load address 0x0800fe5c
                0x200000f0                        _sbss = .
                0x200000f0                        __bss_start__ = _sbss
 *(.bss)
 *(.bss*)
 .bss.completed.1
                0x200000f0        0x1 C:/ProgramData/MATLAB/SupportPackages/R2025b/3P.instrset/gnuarm-armcortex.instrset/win/bin/../lib/gcc/arm-none-eabi/13.2.1/thumb/v7e-m+fp/hard/crtbegin.o
 *fill*         0x200000f1        0x3 
 .bss.object.0  0x200000f4       0x18 C:/ProgramData/MATLAB/SupportPackages/R2025b/3P.instrset/gnuarm-armcortex.instrset/win/bin/../lib/gcc/arm-none-eabi/13.2.1/thumb/v7e-m+fp/hard/crtbegin.o
 .bss.xcpCustomTriggerFunction
                0x2000010c        0x8 xcp_ext_mode.c.o
 *fill*         0x20000114        0x4 
 .bss.Encoder_reader_simulink_B
                0x20000118       0x18 Encoder_reader_simulink.c.o
                0x20000118                Encoder_reader_simulink_B
 .bss.Encoder_reader_simulink_DW
                0x20000130       0xd8 Encoder_reader_simulink.c.o
                0x20000130                Encoder_reader_simulink_DW
 .bss.Encoder_reader_simulink_M_
                0x20000208      0x160 Encoder_reader_simulink.c.o
 .bss.rt_ExtModeInfo.2
                0x20000368       0x14 Encoder_reader_simulink.c.o
 .bss.systemRan.1
                0x2000037c       0x28 Encoder_reader_simulink.c.o
 .bss.IsrOverrun
                0x200003a4        0x4 ert_main.c.o
                0x200003a4                IsrOverrun
 .bss.OverrunFlag
                0x200003a8        0x1 ert_main.c.o
 .bss.stopRequested
                0x200003a9        0x1 ert_main.c.o
                0x200003a9                stopRequested
 .bss.runModel  0x200003aa        0x1 ert_main.c.o
                0x200003aa                runModel
 .bss.xcpModelStartRequest
                0x200003ab        0x1 xcp_ext_common.c.o
                0x200003ab                xcpModelStartRequest
 .bss.xcpModelStopRequest
                0x200003ac        0x1 xcp_ext_common.c.o
                0x200003ac                xcpModelStopRequest
 .bss.xcpModelStatus
                0x200003ad        0x1 xcp_ext_common.c.o
                0x200003ad                xcpModelStatus
 *fill*         0x200003ae        0x2 
 .bss.xcpModelChecksum0
                0x200003b0        0x4 xcp_ext_common.c.o
                0x200003b0                xcpModelChecksum0
 .bss.xcpModelChecksum1
                0x200003b4        0x4 xcp_ext_common.c.o
                0x200003b4                xcpModelChecksum1
 .bss.xcpModelChecksum2
                0x200003b8        0x4 xcp_ext_common.c.o
                0x200003b8                xcpModelChecksum2
 .bss.xcpModelChecksum3
                0x200003bc        0x4 xcp_ext_common.c.o
                0x200003bc                xcpModelChecksum3
 .bss.xcpModelIntegerCode
                0x200003c0        0x4 xcp_ext_common.c.o
                0x200003c0                xcpModelIntegerCode
 .bss.xcpExtmodeSimulationComplete
                0x200003c4        0x1 xcp_ext_common.c.o
                0x200003c4                xcpExtmodeSimulationComplete
 *fill*         0x200003c5        0x3 
 .bss.xcpDummyDoubleVariable
                0x200003c8        0x8 xcp_ext_common.c.o
                0x200003c8                xcpDummyDoubleVariable
 .bss.xcpDummyUint64Variable
                0x200003d0        0x8 xcp_ext_common.c.o
                0x200003d0                xcpDummyUint64Variable
 .bss.xcpCurrentSimulationTimeInMs
                0x200003d8        0x8 xcp_ext_common.c.o
                0x200003d8                xcpCurrentSimulationTimeInMs
 .bss.xcpBaseRateSimulationTime
                0x200003e0        0x8 xcp_ext_common.c.o
 .bss.xcpClassicTriggerEventId
                0x200003e8        0x2 xcp_ext_classic_trigger.c.o
                0x200003e8                xcpClassicTriggerEventId
 *fill*         0x200003ea        0x2 
 .bss.xcpClassicTriggerSignalAddress
                0x200003ec        0x4 xcp_ext_classic_trigger.c.o
                0x200003ec                xcpClassicTriggerSignalAddress
 .bss.xcpClassicTriggerSignalAddressExtension
                0x200003f0        0x1 xcp_ext_classic_trigger.c.o
                0x200003f0                xcpClassicTriggerSignalAddressExtension
 *fill*         0x200003f1        0x7 
 .bss.xcpClassicTriggerLevel
                0x200003f8        0x8 xcp_ext_classic_trigger.c.o
                0x200003f8                xcpClassicTriggerLevel
 .bss.xcpClassicTriggerHoldOff
                0x20000400        0x4 xcp_ext_classic_trigger.c.o
                0x20000400                xcpClassicTriggerHoldOff
 .bss.xcpClassicTriggerDelay
                0x20000404        0x4 xcp_ext_classic_trigger.c.o
                0x20000404                xcpClassicTriggerDelay
 .bss.xcpClassicTriggerDirection
                0x20000408        0x1 xcp_ext_classic_trigger.c.o
                0x20000408                xcpClassicTriggerDirection
 .bss.xcpClassicTriggerCancelRequest
                0x20000409        0x1 xcp_ext_classic_trigger.c.o
                0x20000409                xcpClassicTriggerCancelRequest
 .bss.xcpClassicTriggerSource
                0x2000040a        0x1 xcp_ext_classic_trigger.c.o
                0x2000040a                xcpClassicTriggerSource
 .bss.xcpClassicTriggerMode
                0x2000040b        0x1 xcp_ext_classic_trigger.c.o
                0x2000040b                xcpClassicTriggerMode
 .bss.xcpClassicTriggerStatus
                0x2000040c        0x1 xcp_ext_classic_trigger.c.o
                0x2000040c                xcpClassicTriggerStatus
 *fill*         0x2000040d        0x3 
 .bss.xcpOldSignalValue
                0x20000410        0x8 xcp_ext_classic_trigger.c.o
 .bss.xcpOldSignalValueAvailable
                0x20000418        0x1 xcp_ext_classic_trigger.c.o
 .bss.xcpOldClassicTriggerSource
                0x20000419        0x1 xcp_ext_classic_trigger.c.o
 .bss.xcpTriggerEnabled
                0x2000041a        0x1 xcp_ext_classic_trigger.c.o
 .bss.xcpSignalTriggerFired
                0x2000041b        0x1 xcp_ext_classic_trigger.c.o
 .bss.xcpTriggerCount
                0x2000041c        0x4 xcp_ext_classic_trigger.c.o
 .bss.xcpForcedTriggerEnabled
                0x20000420        0x1 xcp_ext_classic_trigger.c.o
 .bss.xcpForceTriggerEnableRequest
                0x20000421        0x1 xcp_ext_classic_trigger.c.o
 .bss.initialized
                0x20000422        0x1 xcp.c.o
 .bss.xcpStatus
                0x20000423        0x1 xcp.c.o
 .bss.xcpSessionStatus
                0x20000424        0x1 xcp.c.o
 .bss.xcpResourceProtectionStatus
                0x20000425        0x1 xcp.c.o
 .bss.xcpSessionConfigurationId
                0x20000426        0x2 xcp.c.o
 .bss.groupPacketLookup
                0x20000428       0x10 xcp.c.o
 .bss.xcpMta    0x20000438        0x8 xcp_standard.c.o
 .bss.xcpUploadSize
                0x20000440        0x1 xcp_standard.c.o
 *fill*         0x20000441        0x3 
 .bss.packetLookup
                0x20000444        0x4 xcp_standard.c.o
 .bss.xcpDynamicDaqLists
                0x20000448        0x8 xcp_daq.c.o
 .bss.xcpRunningEventCounter
                0x20000450        0x4 xcp_daq.c.o
 .bss.daqLock   0x20000454        0x4 xcp_daq.c.o
 .bss.packetLookup
                0x20000458        0x4 xcp_daq.c.o
 .bss.packetLookup
                0x2000045c        0x4 xcp_calibration.c.o
 .bss.txFifo    0x20000460       0x10 xcp_transport.c.o
 .bss.txLock    0x20000470        0x4 xcp_transport.c.o
 .bss.rxFifo    0x20000474        0x8 xcp_transport.c.o
 .bss.rxLock    0x2000047c        0x4 xcp_transport.c.o
 .bss.initialized
                0x20000480        0x1 xcp_transport.c.o
 *fill*         0x20000481        0x3 
 .bss.xcpMemPoolDescriptors
                0x20000484       0xc0 xcp_mem_default.c.o
 .bss.xcpMemCustomPoolDescriptors
                0x20000544        0x8 xcp_mem_default.c.o
 .bss.xcpMemMainChunk
                0x2000054c      0x3a7 xcp_mem_default.c.o
 *fill*         0x200008f3        0x1 
 .bss.xcpMemReservedPoolsChunk
                0x200008f4      0x661 xcp_mem_default.c.o
 *fill*         0x20000f55        0x3 
 .bss.xcpMemReservedPoolsChunkUsedBytes
                0x20000f58        0x4 xcp_mem_default.c.o
 .bss.xcpMemLock
                0x20000f5c        0x4 xcp_mem_default.c.o
 .bss.forceBlocking
                0x20000f60        0x1 xcp_drv_rtiostream.c.o
 *fill*         0x20000f61        0x1 
 .bss.txCounter
                0x20000f62        0x2 xcp_frame_serial.c.o
 .bss.rxCounter
                0x20000f64        0x2 xcp_frame_serial.c.o
 *fill*         0x20000f66        0x2 
 .bss.firstRxCounterReceived
                0x20000f68        0x4 xcp_frame_serial.c.o
 .bss.initialized
                0x20000f6c        0x1 xcp_frame_serial.c.o
 *fill*         0x20000f6d        0x3 
 .bss.timestampInitialized
                0x20000f70        0x4 platform_timer.c.o
 .bss.timestampStartTime
                0x20000f74        0x4 platform_timer.c.o
 .bss.schdl_counter
                0x20000f78        0x4 SysTickScheduler.c.o
                0x20000f78                schdl_counter
 .bss.schdl_counter_max
                0x20000f7c        0x4 SysTickScheduler.c.o
                0x20000f7c                schdl_counter_max
 .bss.taskToSchedule
                0x20000f80        0x4 m3m4m4f_multitasking.c.o
                0x20000f80                taskToSchedule
 .bss.mw_ext_h  0x20000f84        0x4 rtiostream_serial.c.o
                0x20000f84                mw_ext_h
 .bss.UARTRxBuffer
                0x20000f88        0x4 rtiostream_serial.c.o
                0x20000f88                UARTRxBuffer
 .bss.mw_lpuart1
                0x20000f8c       0x40 stm_lpuart.c.o
                0x20000f8c                mw_lpuart1
 .bss.LPUART1ReceiveBuffer
                0x20000fcc      0x400 stm_lpuart.c.o
                0x20000fcc                LPUART1ReceiveBuffer
 .bss.htim2     0x200013cc       0x4c stm32g4xx_hal_timebase_tim.c.o
                0x200013cc                htim2
 .bss.uwTick    0x20001418        0x4 stm32g4xx_hal.c.o
                0x20001418                uwTick
 .bss.mw_tim1   0x2000141c       0x8c stm_timer_ll.c.o
                0x2000141c                mw_tim1
 .bss.mw_tim3   0x200014a8       0x8c stm_timer_ll.c.o
                0x200014a8                mw_tim3
 .bss.mw_tim4   0x20001534       0x8c stm_timer_ll.c.o
                0x20001534                mw_tim4
 .bss.firstIndexReceived.0
                0x200015c0        0x1 stm_timer_ll.c.o
 *fill*         0x200015c1        0x3 
 .bss.__sf      0x200015c4      0x138 C:/ProgramData/MATLAB/SupportPackages/R2025b/3P.instrset/gnuarm-armcortex.instrset/win/bin/../lib/gcc/arm-none-eabi/13.2.1/thumb/v7e-m+fp/hard\libg_nano.a(libc_a-findfp.o)
                0x200015c4                __sf
 *(COMMON)
                0x200016fc                        . = ALIGN (0x4)
                0x200016fc                        _ebss = .
                0x200016fc                        __bss_end__ = _ebss

._user_heap_stack
                0x200016fc      0x604 load address 0x0800fe5c
                0x20001700                        . = ALIGN (0x8)
 *fill*         0x200016fc        0x4 
                [!provide]                        PROVIDE (end = .)
                0x20001700                        PROVIDE (_end = .)
                0x20001900                        . = (. + _Min_Heap_Size)
 *fill*         0x20001700      0x200 
                0x20001d00                        . = (. + _Min_Stack_Size)
 *fill*         0x20001900      0x400 
                0x20001d00                        . = ALIGN (0x8)

/DISCARD/
 libc.a(*)
 libm.a(*)
 libgcc.a(*)

.ARM.attributes
                0x00000000       0x30
 *(.ARM.attributes)
 .ARM.attributes
                0x00000000       0x22 C:/ProgramData/MATLAB/SupportPackages/R2025b/3P.instrset/gnuarm-armcortex.instrset/win/bin/../lib/gcc/arm-none-eabi/13.2.1/thumb/v7e-m+fp/hard/crti.o
 .ARM.attributes
                0x00000022       0x34 C:/ProgramData/MATLAB/SupportPackages/R2025b/3P.instrset/gnuarm-armcortex.instrset/win/bin/../lib/gcc/arm-none-eabi/13.2.1/thumb/v7e-m+fp/hard/crtbegin.o
 .ARM.attributes
                0x00000056       0x34 xcp_ext_mode.c.o
 .ARM.attributes
                0x0000008a       0x34 Encoder_reader_simulink.c.o
 .ARM.attributes
                0x000000be       0x34 ert_main.c.o
 .ARM.attributes
                0x000000f2       0x34 rt_nonfinite.c.o
 .ARM.attributes
                0x00000126       0x34 xcp_ext_common.c.o
 .ARM.attributes
                0x0000015a       0x34 xcp_ext_classic_trigger.c.o
 .ARM.attributes
                0x0000018e       0x34 xcp.c.o
 .ARM.attributes
                0x000001c2       0x34 xcp_standard.c.o
 .ARM.attributes
                0x000001f6       0x34 xcp_daq.c.o
 .ARM.attributes
                0x0000022a       0x34 xcp_calibration.c.o
 .ARM.attributes
                0x0000025e       0x34 xcp_fifo.c.o
 .ARM.attributes
                0x00000292       0x34 xcp_transport.c.o
 .ARM.attributes
                0x000002c6       0x34 xcp_mem_default.c.o
 .ARM.attributes
                0x000002fa       0x34 xcp_drv_rtiostream.c.o
 .ARM.attributes
                0x0000032e       0x34 xcp_utils.c.o
 .ARM.attributes
                0x00000362       0x34 xcp_frame_serial.c.o
 .ARM.attributes
                0x00000396       0x34 xcp_ext_param_default_serial.c.o
 .ARM.attributes
                0x000003ca       0x34 overrideHALDelay.c.o
 .ARM.attributes
                0x000003fe       0x34 platform_timer.c.o
 .ARM.attributes
                0x00000432       0x34 SysTickScheduler.c.o
 .ARM.attributes
                0x00000466       0x34 m3m4m4f_multitasking.c.o
 .ARM.attributes
                0x0000049a       0x34 rtiostream_serial.c.o
 .ARM.attributes
                0x000004ce       0x34 stm_usart.c.o
 .ARM.attributes
                0x00000502       0x34 stm_lpuart.c.o
 .ARM.attributes
                0x00000536       0x34 sys_arch_arm.c.o
 .ARM.attributes
                0x0000056a       0x34 main.c.o
 .ARM.attributes
                0x0000059e       0x34 stm32g4xx_it.c.o
 .ARM.attributes
                0x000005d2       0x34 stm32g4xx_hal_msp.c.o
 .ARM.attributes